Archive member included because of file (symbol)

/opt/arduino-1.5.4/hardware/arduino/sam//variants/arduino_due_x/libsam_sam3x8e_gcc_rel.a(startup_sam3xa.o)
                              (Reset_Handler)
/opt/arduino-1.5.4/hardware/arduino/sam//variants/arduino_due_x/libsam_sam3x8e_gcc_rel.a(uotghs.o)
                              /opt/arduino-1.5.4/hardware/arduino/sam//variants/arduino_due_x/libsam_sam3x8e_gcc_rel.a(startup_sam3xa.o) (UOTGHS_Handler)
/home/olga/Arduino/sketchbook/serialConnect/build/core.a(cortex_handlers.c.o)
                              /opt/arduino-1.5.4/hardware/arduino/sam//variants/arduino_due_x/libsam_sam3x8e_gcc_rel.a(startup_sam3xa.o) (SVC_Handler)
/home/olga/Arduino/sketchbook/serialConnect/build/core.a(hooks.c.o)
                              /home/olga/Arduino/sketchbook/serialConnect/build/core.a(cortex_handlers.c.o) (sysTickHook)
/home/olga/Arduino/sketchbook/serialConnect/build/core.a(wiring.c.o)
                              /home/olga/Arduino/sketchbook/serialConnect/build/serialConnect.ino.cpp.o (delay)
/home/olga/Arduino/sketchbook/serialConnect/build/core.a(Print.cpp.o)
                              /home/olga/Arduino/sketchbook/serialConnect/build/serialConnect.ino.cpp.o (_ZN5Print5printEPKc)
/home/olga/Arduino/sketchbook/serialConnect/build/core.a(WString.cpp.o)
                              /home/olga/Arduino/sketchbook/serialConnect/build/core.a(Print.cpp.o) (_ZNK6StringixEj)
/home/olga/Arduino/sketchbook/serialConnect/build/core.a(USBCore.cpp.o)
                              /home/olga/Arduino/sketchbook/serialConnect/build/serialConnect.ino.cpp.o (_ZN10USBDevice_6attachEv)
/home/olga/Arduino/sketchbook/serialConnect/build/core.a(CDC.cpp.o)
                              /home/olga/Arduino/sketchbook/serialConnect/build/core.a(USBCore.cpp.o) (_ZN7Serial_6acceptEv)
/home/olga/Arduino/sketchbook/serialConnect/build/core.a(HID.cpp.o)
                              /home/olga/Arduino/sketchbook/serialConnect/build/core.a(USBCore.cpp.o) (_Z16HID_GetInterfacePh)
/home/olga/Arduino/sketchbook/serialConnect/build/core.a(UARTClass.cpp.o)
                              /home/olga/Arduino/sketchbook/serialConnect/build/serialConnect.ino.cpp.o (_ZN9UARTClass9availableEv)
/home/olga/Arduino/sketchbook/serialConnect/build/core.a(RingBuffer.cpp.o)
                              /home/olga/Arduino/sketchbook/serialConnect/build/core.a(UARTClass.cpp.o) (_ZN10RingBuffer10store_charEh)
/home/olga/Arduino/sketchbook/serialConnect/build/core.a(Reset.cpp.o)
                              /home/olga/Arduino/sketchbook/serialConnect/build/core.a(CDC.cpp.o) (initiateReset)
/home/olga/Arduino/sketchbook/serialConnect/build/core.a(variant.cpp.o)
                              /home/olga/Arduino/sketchbook/serialConnect/build/serialConnect.ino.cpp.o (init)
/home/olga/Arduino/sketchbook/serialConnect/build/core.a(wiring_analog.c.o)
                              /home/olga/Arduino/sketchbook/serialConnect/build/core.a(variant.cpp.o) (analogOutputInit)
/home/olga/Arduino/sketchbook/serialConnect/build/core.a(itoa.c.o)
                              /home/olga/Arduino/sketchbook/serialConnect/build/core.a(WString.cpp.o) (ltoa)
/home/olga/Arduino/sketchbook/serialConnect/build/core.a(wiring_digital.c.o)
                              /home/olga/Arduino/sketchbook/serialConnect/build/core.a(wiring_analog.c.o) (pinMode)
/home/olga/Arduino/sketchbook/serialConnect/build/core.a(USARTClass.cpp.o)
                              /home/olga/Arduino/sketchbook/serialConnect/build/core.a(variant.cpp.o) (_ZN10USARTClass9availableEv)
/opt/arduino-1.5.4/hardware/arduino/sam//variants/arduino_due_x/libsam_sam3x8e_gcc_rel.a(pio.o)
                              /home/olga/Arduino/sketchbook/serialConnect/build/core.a(wiring_digital.c.o) (PIO_PullUp)
/opt/arduino-1.5.4/hardware/arduino/sam//variants/arduino_due_x/libsam_sam3x8e_gcc_rel.a(pmc.o)
                              /home/olga/Arduino/sketchbook/serialConnect/build/core.a(UARTClass.cpp.o) (pmc_enable_periph_clk)
/opt/arduino-1.5.4/hardware/arduino/sam//variants/arduino_due_x/libsam_sam3x8e_gcc_rel.a(pwmc.o)
                              /home/olga/Arduino/sketchbook/serialConnect/build/core.a(wiring_analog.c.o) (PWMC_SetPeriod)
/opt/arduino-1.5.4/hardware/arduino/sam//variants/arduino_due_x/libsam_sam3x8e_gcc_rel.a(tc.o)
                              /home/olga/Arduino/sketchbook/serialConnect/build/core.a(wiring_analog.c.o) (TC_SetRA)
/opt/arduino-1.5.4/hardware/arduino/sam//variants/arduino_due_x/libsam_sam3x8e_gcc_rel.a(timetick.o)
                              /home/olga/Arduino/sketchbook/serialConnect/build/core.a(cortex_handlers.c.o) (TimeTick_Increment)
/opt/arduino-1.5.4/hardware/arduino/sam//variants/arduino_due_x/libsam_sam3x8e_gcc_rel.a(wdt.o)
                              /home/olga/Arduino/sketchbook/serialConnect/build/core.a(variant.cpp.o) (WDT_Disable)
[...]
Memory Configuration

Name             Origin             Length             Attributes
rom              0x00080000         0x00080000         xr
sram0            0x20000000         0x00010000         xrw
sram1            0x20080000         0x00008000         xrw
ram              0x20070000         0x00018000         xrw
*default*        0x00000000         0xffffffff

Linker script and memory map

LOAD /opt/arduino-1.5.4/hardware/tools/arm-none-eabi/bin/../lib/gcc/arm-none-eabi/4.6.2/thumb/crti.o
LOAD /opt/arduino-1.5.4/hardware/tools/arm-none-eabi/bin/../lib/gcc/arm-none-eabi/4.6.2/thumb/crtbegin.o
LOAD /opt/arduino-1.5.4/hardware/tools/arm-none-eabi/bin/../lib/gcc/arm-none-eabi/4.6.2/../../../../arm-none-eabi/lib/thumb/crt0.o
LOAD /opt/arduino-1.5.4/hardware/tools/arm-none-eabi/bin/../lib/gcc/arm-none-eabi/4.6.2/thumb/libgcc.a
START GROUP
LOAD /home/olga/Arduino/sketchbook/serialConnect/build/core/syscalls_sam3.c.o
LOAD /home/olga/Arduino/sketchbook/serialConnect/build/serialConnect.ino.cpp.o
LOAD /opt/arduino-1.5.4/hardware/arduino/sam//variants/arduino_due_x/libsam_sam3x8e_gcc_rel.a
LOAD /home/olga/Arduino/sketchbook/serialConnect/build/core.a
END GROUP
LOAD /opt/arduino-1.5.4/hardware/tools/arm-none-eabi/bin/../lib/gcc/arm-none-eabi/4.6.2/../../../../arm-none-eabi/lib/thumb/libstdc++.a
LOAD /opt/arduino-1.5.4/hardware/tools/arm-none-eabi/bin/../lib/gcc/arm-none-eabi/4.6.2/../../../../arm-none-eabi/lib/thumb/libm.a
START GROUP
LOAD /opt/arduino-1.5.4/hardware/tools/arm-none-eabi/bin/../lib/gcc/arm-none-eabi/4.6.2/thumb/libgcc.a
LOAD /opt/arduino-1.5.4/hardware/tools/arm-none-eabi/bin/../lib/gcc/arm-none-eabi/4.6.2/../../../../arm-none-eabi/lib/thumb/libc.a
END GROUP
LOAD /opt/arduino-1.5.4/hardware/tools/arm-none-eabi/bin/../lib/gcc/arm-none-eabi/4.6.2/thumb/crtend.o
LOAD /opt/arduino-1.5.4/hardware/tools/arm-none-eabi/bin/../lib/gcc/arm-none-eabi/4.6.2/thumb/crtn.o

.text           0x00080000     0x305c
                0x00080000                . = ALIGN (0x4)
                0x00080000                _sfixed = .
 *(.vectors .vectors.*)
 .vectors       0x00080000       0xf4 /opt/arduino-1.5.4/hardware/arduino/sam//variants/arduino_due_x/libsam_sam3x8e_gcc_rel.a(startup_sam3xa.o)
                0x00080000                exception_table
 *(.text .text.* .gnu.linkonce.t.*)
 .text          0x000800f4       0x6c /opt/arduino-1.5.4/hardware/tools/arm-none-eabi/bin/../lib/gcc/arm-none-eabi/4.6.2/thumb/crtbegin.o
 .text.setup    0x00080160       0x10 /home/olga/Arduino/sketchbook/serialConnect/build/serialConnect.ino.cpp.o
                0x00080160                setup
 .text.startup.main
                0x00080170       0x2c /home/olga/Arduino/sketchbook/serialConnect/build/serialConnect.ino.cpp.o
                0x00080170                main
 .text._Z11serialEventv
                0x0008019c       0x44 /home/olga/Arduino/sketchbook/serialConnect/build/serialConnect.ino.cpp.o
                0x0008019c                _Z11serialEventv
 .text.Reset_Handler
                0x000801e0       0x78 /opt/arduino-1.5.4/hardware/arduino/sam//variants/arduino_due_x/libsam_sam3x8e_gcc_rel.a(startup_sam3xa.o)
                0x000801e0                Reset_Handler
 .text.UOTGHS_Handler
                0x00080258       0x10 /opt/arduino-1.5.4/hardware/arduino/sam//variants/arduino_due_x/libsam_sam3x8e_gcc_rel.a(uotghs.o)
                0x00080258                UOTGHS_Handler
 .text.__halt   0x00080268        0x2 /home/olga/Arduino/sketchbook/serialConnect/build/core.a(cortex_handlers.c.o)
                0x00080268                DACC_Handler
                0x00080268                DebugMon_Handler
                0x00080268                DMAC_Handler
                0x00080268                TRNG_Handler
                0x00080268                HardFault_Handler
                0x00080268                TC2_Handler
                0x00080268                TWI1_Handler
                0x00080268                NMI_Handler
                0x00080268                TC7_Handler
                0x00080268                ADC_Handler
                0x00080268                SMC_Handler
                0x00080268                RTT_Handler
                0x00080268                EFC1_Handler
                0x00080268                PIOB_Handler
                0x00080268                RTC_Handler
                0x00080268                UsageFault_Handler
                0x00080268                TC6_Handler
                0x00080268                WDT_Handler
                0x00080268                CAN0_Handler
                0x00080268                TC4_Handler
                0x00080268                TC1_Handler
                0x00080268                HSMCI_Handler
                0x00080268                TC3_Handler
                0x00080268                TWI0_Handler
                0x00080268                PIOA_Handler
                0x00080268                SSC_Handler
                0x00080268                EFC0_Handler
                0x00080268                PMC_Handler
                0x00080268                PWM_Handler
                0x00080268                CAN1_Handler
                0x00080268                MemManage_Handler
                0x00080268                SUPC_Handler
                0x00080268                TC8_Handler
                0x00080268                USART2_Handler
                0x00080268                PIOD_Handler
                0x00080268                EMAC_Handler
                0x00080268                PIOC_Handler
                0x00080268                BusFault_Handler
                0x00080268                RSTC_Handler
                0x00080268                TC0_Handler
                0x00080268                TC5_Handler
                0x00080268                SPI0_Handler
 .text.SVC_Handler
                0x0008026a        0x4 /home/olga/Arduino/sketchbook/serialConnect/build/core.a(cortex_handlers.c.o)
                0x0008026a                SVC_Handler
 .text.PendSV_Handler
                0x0008026e        0x4 /home/olga/Arduino/sketchbook/serialConnect/build/core.a(cortex_handlers.c.o)
                0x0008026e                PendSV_Handler
 .text.SysTick_Handler
                0x00080272       0x16 /home/olga/Arduino/sketchbook/serialConnect/build/core.a(cortex_handlers.c.o)
                0x00080272                SysTick_Handler
 .text.__empty  0x00080288        0x2 /home/olga/Arduino/sketchbook/serialConnect/build/core.a(hooks.c.o)
                0x00080288                yield
 .text.__false  0x0008028a        0x4 /home/olga/Arduino/sketchbook/serialConnect/build/core.a(hooks.c.o)
                0x0008028a                sysTickHook
 .text.__halt   0x0008028e        0x2 /home/olga/Arduino/sketchbook/serialConnect/build/core.a(hooks.c.o)
                0x0008028e                pendSVHook
                0x0008028e                svcHook
 .text.delay    0x00080290       0x1a /home/olga/Arduino/sketchbook/serialConnect/build/core.a(wiring.c.o)
                0x00080290                delay
 .text._ZN5Print5writeEPKhj
                0x000802aa       0x28 /home/olga/Arduino/sketchbook/serialConnect/build/core.a(Print.cpp.o)
                0x000802aa                _ZN5Print5writeEPKhj
 .text._ZN5Print5writeEPKc
                0x000802d2       0x1e /home/olga/Arduino/sketchbook/serialConnect/build/core.a(Print.cpp.o)
                0x000802d2                _ZN5Print5writeEPKc
 .text._ZN5Print5printEPKc
                0x000802f0        0x8 /home/olga/Arduino/sketchbook/serialConnect/build/core.a(Print.cpp.o)
                0x000802f0                _ZN5Print5printEPKc
 .text._ZN5Print5printEc
                0x000802f8        0xa /home/olga/Arduino/sketchbook/serialConnect/build/core.a(Print.cpp.o)
                0x000802f8                _ZN5Print5printEc
 .text._ZN5Print11printNumberEmh
                0x00080302       0x40 /home/olga/Arduino/sketchbook/serialConnect/build/core.a(Print.cpp.o)
                0x00080302                _ZN5Print11printNumberEmh
 .text._ZN5Print5printEli
                0x00080342       0x3e /home/olga/Arduino/sketchbook/serialConnect/build/core.a(Print.cpp.o)
                0x00080342                _ZN5Print5printEli
 .text._ZN5Print5printEii
                0x00080380        0x4 /home/olga/Arduino/sketchbook/serialConnect/build/core.a(Print.cpp.o)
                0x00080380                _ZN5Print5printEii
 .text.unlikely._ZL11USB_SendZlpv
                0x00080384       0x20 /home/olga/Arduino/sketchbook/serialConnect/build/core.a(USBCore.cpp.o)
 .text._Z14USBD_Availablem
                0x000803a4       0x2c /home/olga/Arduino/sketchbook/serialConnect/build/core.a(USBCore.cpp.o)
                0x000803a4                _Z14USBD_Availablem
 .text._Z9USBD_RecvmPvm
                0x000803d0       0x78 /home/olga/Arduino/sketchbook/serialConnect/build/core.a(USBCore.cpp.o)
                0x000803d0                _Z9USBD_RecvmPvm
 .text._Z9USBD_Recvm
                0x00080448       0x1e /home/olga/Arduino/sketchbook/serialConnect/build/core.a(USBCore.cpp.o)
                0x00080448                _Z9USBD_Recvm
 *fill*         0x00080466        0x2 00
 .text._Z9USBD_SendmPKvm
                0x00080468       0x4c /home/olga/Arduino/sketchbook/serialConnect/build/core.a(USBCore.cpp.o)
                0x00080468                _Z9USBD_SendmPKvm
 .text._Z16USBD_SendControlhPKvm
                0x000804b4       0x40 /home/olga/Arduino/sketchbook/serialConnect/build/core.a(USBCore.cpp.o)
                0x000804b4                _Z16USBD_SendControlhPKvm
 .text._ZL24USB_SendStringDescriptorPKhi
                0x000804f4       0x3a /home/olga/Arduino/sketchbook/serialConnect/build/core.a(USBCore.cpp.o)
 .text._Z16USBD_RecvControlPvm
                0x0008052e       0x1c /home/olga/Arduino/sketchbook/serialConnect/build/core.a(USBCore.cpp.o)
                0x0008052e                _Z16USBD_RecvControlPvm
 .text._Z26USBD_ClassInterfaceRequestR5Setup
                0x0008054a       0x14 /home/olga/Arduino/sketchbook/serialConnect/build/core.a(USBCore.cpp.o)
                0x0008054a                _Z26USBD_ClassInterfaceRequestR5Setup
 .text._Z19USBD_SendInterfacesv
                0x0008055e       0x1c /home/olga/Arduino/sketchbook/serialConnect/build/core.a(USBCore.cpp.o)
                0x0008055e                _Z19USBD_SendInterfacesv
 .text._Z24USBD_SendOtherInterfacesv
                0x0008057a       0x1c /home/olga/Arduino/sketchbook/serialConnect/build/core.a(USBCore.cpp.o)
                0x0008057a                _Z24USBD_SendOtherInterfacesv
 *fill*         0x00080596        0x2 00
 .text._ZL7USB_ISRv
                0x00080598      0x434 /home/olga/Arduino/sketchbook/serialConnect/build/core.a(USBCore.cpp.o)
 .text._Z10USBD_Flushm
                0x000809cc       0x16 /home/olga/Arduino/sketchbook/serialConnect/build/core.a(USBCore.cpp.o)
                0x000809cc                _Z10USBD_Flushm
 *fill*         0x000809e2        0x2 00
 .text._ZN10USBDevice_C2Ev
                0x000809e4       0x24 /home/olga/Arduino/sketchbook/serialConnect/build/core.a(USBCore.cpp.o)
                0x000809e4                _ZN10USBDevice_C2Ev
                0x000809e4                _ZN10USBDevice_C1Ev
 .text._ZN10USBDevice_6attachEv
                0x00080a08       0x20 /home/olga/Arduino/sketchbook/serialConnect/build/core.a(USBCore.cpp.o)
                0x00080a08                _ZN10USBDevice_6attachEv
 .text.startup._GLOBAL__sub_I_TxLEDPulse
                0x00080a28        0xc /home/olga/Arduino/sketchbook/serialConnect/build/core.a(USBCore.cpp.o)
 .text._ZN7Serial_9availableEv
                0x00080a34       0x18 /home/olga/Arduino/sketchbook/serialConnect/build/core.a(CDC.cpp.o)
                0x00080a34                _ZN7Serial_9availableEv
 .text._ZN7Serial_4peekEv
                0x00080a4c       0x20 /home/olga/Arduino/sketchbook/serialConnect/build/core.a(CDC.cpp.o)
                0x00080a4c                _ZN7Serial_4peekEv
 .text._ZN7Serial_5writeEh
                0x00080a6c       0x14 /home/olga/Arduino/sketchbook/serialConnect/build/core.a(CDC.cpp.o)
                0x00080a6c                _ZN7Serial_5writeEh
 .text._ZN7Serial_5flushEv
                0x00080a80        0x6 /home/olga/Arduino/sketchbook/serialConnect/build/core.a(CDC.cpp.o)
                0x00080a80                _ZN7Serial_5flushEv
 *fill*         0x00080a86        0x2 00
 .text._ZN7Serial_4readEv
                0x00080a88       0x44 /home/olga/Arduino/sketchbook/serialConnect/build/core.a(CDC.cpp.o)
                0x00080a88                _ZN7Serial_4readEv
 .text._ZN7Serial_6acceptEv
                0x00080acc       0x68 /home/olga/Arduino/sketchbook/serialConnect/build/core.a(CDC.cpp.o)
                0x00080acc                _ZN7Serial_6acceptEv
 .text._ZN7Serial_5writeEPKhj
                0x00080b34       0x28 /home/olga/Arduino/sketchbook/serialConnect/build/core.a(CDC.cpp.o)
                0x00080b34                _ZN7Serial_5writeEPKhj
 .text._Z16CDC_GetInterfacePh
                0x00080b5c       0x14 /home/olga/Arduino/sketchbook/serialConnect/build/core.a(CDC.cpp.o)
                0x00080b5c                _Z16CDC_GetInterfacePh
 .text._Z21CDC_GetOtherInterfacePh
                0x00080b70       0x14 /home/olga/Arduino/sketchbook/serialConnect/build/core.a(CDC.cpp.o)
                0x00080b70                _Z21CDC_GetOtherInterfacePh
 .text._Z9CDC_SetupR5Setup
                0x00080b84       0x64 /home/olga/Arduino/sketchbook/serialConnect/build/core.a(CDC.cpp.o)
                0x00080b84                _Z9CDC_SetupR5Setup
 .text.startup._GLOBAL__sub_I_cdc_rx_buffer
                0x00080be8       0x1c /home/olga/Arduino/sketchbook/serialConnect/build/core.a(CDC.cpp.o)
 .text._ZN9Keyboard_5writeEh
                0x00080c04       0x1c /home/olga/Arduino/sketchbook/serialConnect/build/core.a(HID.cpp.o)
                0x00080c04                _ZN9Keyboard_5writeEh
 .text._Z16HID_GetInterfacePh
                0x00080c20       0x14 /home/olga/Arduino/sketchbook/serialConnect/build/core.a(HID.cpp.o)
                0x00080c20                _Z16HID_GetInterfacePh
 .text._Z17HID_GetDescriptori
                0x00080c34       0x10 /home/olga/Arduino/sketchbook/serialConnect/build/core.a(HID.cpp.o)
                0x00080c34                _Z17HID_GetDescriptori
 .text._Z14HID_SendReporthPKvm
                0x00080c44       0x2c /home/olga/Arduino/sketchbook/serialConnect/build/core.a(HID.cpp.o)
                0x00080c44                _Z14HID_SendReporthPKvm
 .text._Z9HID_SetupR5Setup
                0x00080c70       0x48 /home/olga/Arduino/sketchbook/serialConnect/build/core.a(HID.cpp.o)
                0x00080c70                _Z9HID_SetupR5Setup
 .text._ZN9Keyboard_10sendReportEP9KeyReport
                0x00080cb8        0xc /home/olga/Arduino/sketchbook/serialConnect/build/core.a(HID.cpp.o)
                0x00080cb8                _ZN9Keyboard_10sendReportEP9KeyReport
 .text._ZN9Keyboard_10releaseAllEv
                0x00080cc4       0x18 /home/olga/Arduino/sketchbook/serialConnect/build/core.a(HID.cpp.o)
                0x00080cc4                _ZN9Keyboard_10releaseAllEv
 .text._ZN9Keyboard_7releaseEh
                0x00080cdc       0x68 /home/olga/Arduino/sketchbook/serialConnect/build/core.a(HID.cpp.o)
                0x00080cdc                _ZN9Keyboard_7releaseEh
 .text._ZN9Keyboard_5pressEh
                0x00080d44       0x90 /home/olga/Arduino/sketchbook/serialConnect/build/core.a(HID.cpp.o)
                0x00080d44                _ZN9Keyboard_5pressEh
 .text.startup._GLOBAL__sub_I_Mouse
                0x00080dd4       0x1c /home/olga/Arduino/sketchbook/serialConnect/build/core.a(HID.cpp.o)
 .text._ZN9UARTClasscvbEv
                0x00080df0        0x4 /home/olga/Arduino/sketchbook/serialConnect/build/core.a(UARTClass.cpp.o)
                0x00080df0                _ZN9UARTClasscvbEv
 .text._ZN9UARTClass9availableEv
                0x00080df4        0xe /home/olga/Arduino/sketchbook/serialConnect/build/core.a(UARTClass.cpp.o)
                0x00080df4                _ZN9UARTClass9availableEv
 .text._ZN9UARTClass4peekEv
                0x00080e02       0x12 /home/olga/Arduino/sketchbook/serialConnect/build/core.a(UARTClass.cpp.o)
                0x00080e02                _ZN9UARTClass4peekEv
 .text._ZN9UARTClass4readEv
                0x00080e14       0x1c /home/olga/Arduino/sketchbook/serialConnect/build/core.a(UARTClass.cpp.o)
                0x00080e14                _ZN9UARTClass4readEv
 .text._ZN9UARTClass5flushEv
                0x00080e30        0xa /home/olga/Arduino/sketchbook/serialConnect/build/core.a(UARTClass.cpp.o)
                0x00080e30                _ZN9UARTClass5flushEv
 .text._ZN9UARTClass5writeEh
                0x00080e3a        0xe /home/olga/Arduino/sketchbook/serialConnect/build/core.a(UARTClass.cpp.o)
                0x00080e3a                _ZN9UARTClass5writeEh
 .text._ZN9UARTClassC2EP4Uart4IRQnmP10RingBuffer
                0x00080e48       0x20 /home/olga/Arduino/sketchbook/serialConnect/build/core.a(UARTClass.cpp.o)
                0x00080e48                _ZN9UARTClassC2EP4Uart4IRQnmP10RingBuffer
                0x00080e48                _ZN9UARTClassC1EP4Uart4IRQnmP10RingBuffer
 .text._ZN9UARTClass5beginEm
                0x00080e68       0x5c /home/olga/Arduino/sketchbook/serialConnect/build/core.a(UARTClass.cpp.o)
                0x00080e68                _ZN9UARTClass5beginEm
 .text._ZN9UARTClass10IrqHandlerEv
                0x00080ec4       0x28 /home/olga/Arduino/sketchbook/serialConnect/build/core.a(UARTClass.cpp.o)
                0x00080ec4                _ZN9UARTClass10IrqHandlerEv
 .text._ZN10RingBufferC2Ev
                0x00080eec       0x16 /home/olga/Arduino/sketchbook/serialConnect/build/core.a(RingBuffer.cpp.o)
                0x00080eec                _ZN10RingBufferC1Ev
                0x00080eec                _ZN10RingBufferC2Ev
 .text._ZN10RingBuffer10store_charEh
                0x00080f02       0x16 /home/olga/Arduino/sketchbook/serialConnect/build/core.a(RingBuffer.cpp.o)
                0x00080f02                _ZN10RingBuffer10store_charEh
 .text.initiateReset
                0x00080f18        0xc /home/olga/Arduino/sketchbook/serialConnect/build/core.a(Reset.cpp.o)
                0x00080f18                initiateReset
 .text.cancelReset
                0x00080f24       0x10 /home/olga/Arduino/sketchbook/serialConnect/build/core.a(Reset.cpp.o)
                0x00080f24                cancelReset
 .text.tickReset
                0x00080f34       0x20 /home/olga/Arduino/sketchbook/serialConnect/build/core.a(Reset.cpp.o)
                0x00080f34                tickReset
 .text.UART_Handler
                0x00080f54        0xc /home/olga/Arduino/sketchbook/serialConnect/build/core.a(variant.cpp.o)
                0x00080f54                UART_Handler
 .text._Z12serialEvent1v
                0x00080f60        0x2 /home/olga/Arduino/sketchbook/serialConnect/build/core.a(variant.cpp.o)
                0x00080f60                _Z12serialEvent1v
 .text._Z12serialEvent2v
                0x00080f62        0x2 /home/olga/Arduino/sketchbook/serialConnect/build/core.a(variant.cpp.o)
                0x00080f62                _Z12serialEvent2v
 .text._Z12serialEvent3v
                0x00080f64        0x2 /home/olga/Arduino/sketchbook/serialConnect/build/core.a(variant.cpp.o)
                0x00080f64                _Z12serialEvent3v
 *fill*         0x00080f66        0x2 00
 .text.USART0_Handler
                0x00080f68        0xc /home/olga/Arduino/sketchbook/serialConnect/build/core.a(variant.cpp.o)
                0x00080f68                USART0_Handler
 .text.USART1_Handler
                0x00080f74        0xc /home/olga/Arduino/sketchbook/serialConnect/build/core.a(variant.cpp.o)
                0x00080f74                USART1_Handler
 .text.USART3_Handler
                0x00080f80        0xc /home/olga/Arduino/sketchbook/serialConnect/build/core.a(variant.cpp.o)
                0x00080f80                USART3_Handler
 .text._Z14serialEventRunv
                0x00080f8c       0x44 /home/olga/Arduino/sketchbook/serialConnect/build/core.a(variant.cpp.o)
                0x00080f8c                _Z14serialEventRunv
 .text.init     0x00080fd0      0x130 /home/olga/Arduino/sketchbook/serialConnect/build/core.a(variant.cpp.o)
                0x00080fd0                init
 .text.startup._GLOBAL__sub_I_g_APinDescription
                0x00081100       0x8c /home/olga/Arduino/sketchbook/serialConnect/build/core.a(variant.cpp.o)
 .text.analogOutputInit
                0x0008118c       0x14 /home/olga/Arduino/sketchbook/serialConnect/build/core.a(wiring_analog.c.o)
                0x0008118c                analogOutputInit
 .text.digitalWrite
                0x000811a0       0x48 /home/olga/Arduino/sketchbook/serialConnect/build/core.a(wiring_digital.c.o)
                0x000811a0                digitalWrite
 .text._ZN10USARTClasscvbEv
                0x000811e8        0x4 /home/olga/Arduino/sketchbook/serialConnect/build/core.a(USARTClass.cpp.o)
                0x000811e8                _ZN10USARTClasscvbEv
 .text._ZN10USARTClass9availableEv
                0x000811ec        0xe /home/olga/Arduino/sketchbook/serialConnect/build/core.a(USARTClass.cpp.o)
                0x000811ec                _ZN10USARTClass9availableEv
 .text._ZN10USARTClass4peekEv
                0x000811fa       0x12 /home/olga/Arduino/sketchbook/serialConnect/build/core.a(USARTClass.cpp.o)
                0x000811fa                _ZN10USARTClass4peekEv
 .text._ZN10USARTClass4readEv
                0x0008120c       0x1c /home/olga/Arduino/sketchbook/serialConnect/build/core.a(USARTClass.cpp.o)
                0x0008120c                _ZN10USARTClass4readEv
 .text._ZN10USARTClass5flushEv
                0x00081228        0xa /home/olga/Arduino/sketchbook/serialConnect/build/core.a(USARTClass.cpp.o)
                0x00081228                _ZN10USARTClass5flushEv
 .text._ZN10USARTClass5writeEh
                0x00081232        0xe /home/olga/Arduino/sketchbook/serialConnect/build/core.a(USARTClass.cpp.o)
                0x00081232                _ZN10USARTClass5writeEh
 .text._ZN10USARTClassC2EP5Usart4IRQnmP10RingBuffer
                0x00081240       0x20 /home/olga/Arduino/sketchbook/serialConnect/build/core.a(USARTClass.cpp.o)
                0x00081240                _ZN10USARTClassC1EP5Usart4IRQnmP10RingBuffer
                0x00081240                _ZN10USARTClassC2EP5Usart4IRQnmP10RingBuffer
 .text._ZN10USARTClass10IrqHandlerEv
                0x00081260       0x28 /home/olga/Arduino/sketchbook/serialConnect/build/core.a(USARTClass.cpp.o)
                0x00081260                _ZN10USARTClass10IrqHandlerEv
 .text.PIO_DisableInterrupt
                0x00081288        0x4 /opt/arduino-1.5.4/hardware/arduino/sam//variants/arduino_due_x/libsam_sam3x8e_gcc_rel.a(pio.o)
                0x00081288                PIO_DisableInterrupt
 .text.PIO_PullUp
                0x0008128c        0xa /opt/arduino-1.5.4/hardware/arduino/sam//variants/arduino_due_x/libsam_sam3x8e_gcc_rel.a(pio.o)
                0x0008128c                PIO_PullUp
 .text.PIO_SetPeripheral
                0x00081296       0x2a /opt/arduino-1.5.4/hardware/arduino/sam//variants/arduino_due_x/libsam_sam3x8e_gcc_rel.a(pio.o)
                0x00081296                PIO_SetPeripheral
 .text.PIO_SetInput
                0x000812c0       0x40 /opt/arduino-1.5.4/hardware/arduino/sam//variants/arduino_due_x/libsam_sam3x8e_gcc_rel.a(pio.o)
                0x000812c0                PIO_SetInput
 .text.PIO_SetOutput
                0x00081300       0x38 /opt/arduino-1.5.4/hardware/arduino/sam//variants/arduino_due_x/libsam_sam3x8e_gcc_rel.a(pio.o)
                0x00081300                PIO_SetOutput
 .text.PIO_Configure
                0x00081338       0x78 /opt/arduino-1.5.4/hardware/arduino/sam//variants/arduino_due_x/libsam_sam3x8e_gcc_rel.a(pio.o)
                0x00081338                PIO_Configure
 .text.PIO_GetOutputDataStatus
                0x000813b0       0x16 /opt/arduino-1.5.4/hardware/arduino/sam//variants/arduino_due_x/libsam_sam3x8e_gcc_rel.a(pio.o)
                0x000813b0                PIO_GetOutputDataStatus
 *fill*         0x000813c6        0x2 00
 .text.pmc_enable_upll_clock
                0x000813c8       0x18 /opt/arduino-1.5.4/hardware/arduino/sam//variants/arduino_due_x/libsam_sam3x8e_gcc_rel.a(pmc.o)
                0x000813c8                pmc_enable_upll_clock
 .text.pmc_enable_periph_clk
                0x000813e0       0x48 /opt/arduino-1.5.4/hardware/arduino/sam//variants/arduino_due_x/libsam_sam3x8e_gcc_rel.a(pmc.o)
                0x000813e0                pmc_enable_periph_clk
 .text.pmc_switch_udpck_to_upllck
                0x00081428       0x14 /opt/arduino-1.5.4/hardware/arduino/sam//variants/arduino_due_x/libsam_sam3x8e_gcc_rel.a(pmc.o)
                0x00081428                pmc_switch_udpck_to_upllck
 .text.pmc_enable_udpck
                0x0008143c        0xc /opt/arduino-1.5.4/hardware/arduino/sam//variants/arduino_due_x/libsam_sam3x8e_gcc_rel.a(pmc.o)
                0x0008143c                pmc_enable_udpck
 .text.TimeTick_Increment
                0x00081448       0x10 /opt/arduino-1.5.4/hardware/arduino/sam//variants/arduino_due_x/libsam_sam3x8e_gcc_rel.a(timetick.o)
                0x00081448                TimeTick_Increment
 .text.GetTickCount
                0x00081458        0xc /opt/arduino-1.5.4/hardware/arduino/sam//variants/arduino_due_x/libsam_sam3x8e_gcc_rel.a(timetick.o)
                0x00081458                GetTickCount
 .text.WDT_Disable
                0x00081464        0x8 /opt/arduino-1.5.4/hardware/arduino/sam//variants/arduino_due_x/libsam_sam3x8e_gcc_rel.a(wdt.o)
                0x00081464                WDT_Disable
 .text.SystemInit
                0x0008146c       0x9c /opt/arduino-1.5.4/hardware/arduino/sam//variants/arduino_due_x/libsam_sam3x8e_gcc_rel.a(system_sam3xa.o)
                0x0008146c                SystemInit
 .text.adc_init
                0x00081508       0x3a /opt/arduino-1.5.4/hardware/arduino/sam//variants/arduino_due_x/libsam_sam3x8e_gcc_rel.a(adc.o)
                0x00081508                adc_init
 .text.adc_configure_trigger
                0x00081542       0x10 /opt/arduino-1.5.4/hardware/arduino/sam//variants/arduino_due_x/libsam_sam3x8e_gcc_rel.a(adc.o)
                0x00081542                adc_configure_trigger
 .text.adc_configure_timing
                0x00081552       0x1a /opt/arduino-1.5.4/hardware/arduino/sam//variants/arduino_due_x/libsam_sam3x8e_gcc_rel.a(adc.o)
                0x00081552                adc_configure_timing
 .text.adc_disable_all_channel
                0x0008156c        0x8 /opt/arduino-1.5.4/hardware/arduino/sam//variants/arduino_due_x/libsam_sam3x8e_gcc_rel.a(adc.o)
                0x0008156c                adc_disable_all_channel
 .text.adc_disable_interrupt
                0x00081574        0x4 /opt/arduino-1.5.4/hardware/arduino/sam//variants/arduino_due_x/libsam_sam3x8e_gcc_rel.a(adc.o)
                0x00081574                adc_disable_interrupt
 .text.UDD_SetStack
                0x00081578        0xc /opt/arduino-1.5.4/hardware/arduino/sam//variants/arduino_due_x/libsam_sam3x8e_gcc_rel.a(uotghs_device.o)
                0x00081578                UDD_SetStack
 .text.UDD_Attach
                0x00081584       0x4c /opt/arduino-1.5.4/hardware/arduino/sam//variants/arduino_due_x/libsam_sam3x8e_gcc_rel.a(uotghs_device.o)
                0x00081584                UDD_Attach
 .text.UDD_InitEP
                0x000815d0       0x30 /opt/arduino-1.5.4/hardware/arduino/sam//variants/arduino_due_x/libsam_sam3x8e_gcc_rel.a(uotghs_device.o)
                0x000815d0                UDD_InitEP
 .text.UDD_InitEndpoints
                0x00081600       0x3c /opt/arduino-1.5.4/hardware/arduino/sam//variants/arduino_due_x/libsam_sam3x8e_gcc_rel.a(uotghs_device.o)
                0x00081600                UDD_InitEndpoints
 .text.UDD_WaitIN
                0x0008163c       0x14 /opt/arduino-1.5.4/hardware/arduino/sam//variants/arduino_due_x/libsam_sam3x8e_gcc_rel.a(uotghs_device.o)
                0x0008163c                UDD_WaitIN
 .text.UDD_WaitOUT
                0x00081650       0x14 /opt/arduino-1.5.4/hardware/arduino/sam//variants/arduino_due_x/libsam_sam3x8e_gcc_rel.a(uotghs_device.o)
                0x00081650                UDD_WaitOUT
 .text.UDD_ClearIN
                0x00081664       0x18 /opt/arduino-1.5.4/hardware/arduino/sam//variants/arduino_due_x/libsam_sam3x8e_gcc_rel.a(uotghs_device.o)
                0x00081664                UDD_ClearIN
 .text.UDD_ClearOUT
                0x0008167c       0x18 /opt/arduino-1.5.4/hardware/arduino/sam//variants/arduino_due_x/libsam_sam3x8e_gcc_rel.a(uotghs_device.o)
                0x0008167c                UDD_ClearOUT
 .text.UDD_ReceivedSetupInt
                0x00081694       0x10 /opt/arduino-1.5.4/hardware/arduino/sam//variants/arduino_due_x/libsam_sam3x8e_gcc_rel.a(uotghs_device.o)
                0x00081694                UDD_ReceivedSetupInt
 .text.UDD_ClearSetupInt
                0x000816a4       0x10 /opt/arduino-1.5.4/hardware/arduino/sam//variants/arduino_due_x/libsam_sam3x8e_gcc_rel.a(uotghs_device.o)
                0x000816a4                UDD_ClearSetupInt
 .text.UDD_Send
                0x000816b4       0x94 /opt/arduino-1.5.4/hardware/arduino/sam//variants/arduino_due_x/libsam_sam3x8e_gcc_rel.a(uotghs_device.o)
                0x000816b4                UDD_Send
 .text.UDD_Send8
                0x00081748       0x24 /opt/arduino-1.5.4/hardware/arduino/sam//variants/arduino_due_x/libsam_sam3x8e_gcc_rel.a(uotghs_device.o)
                0x00081748                UDD_Send8
 .text.UDD_Recv8
                0x0008176c       0x28 /opt/arduino-1.5.4/hardware/arduino/sam//variants/arduino_due_x/libsam_sam3x8e_gcc_rel.a(uotghs_device.o)
                0x0008176c                UDD_Recv8
 .text.UDD_Recv
                0x00081794       0x38 /opt/arduino-1.5.4/hardware/arduino/sam//variants/arduino_due_x/libsam_sam3x8e_gcc_rel.a(uotghs_device.o)
                0x00081794                UDD_Recv
 .text.UDD_Stall
                0x000817cc       0x14 /opt/arduino-1.5.4/hardware/arduino/sam//variants/arduino_due_x/libsam_sam3x8e_gcc_rel.a(uotghs_device.o)
                0x000817cc                UDD_Stall
 .text.UDD_FifoByteCount
                0x000817e0       0x1c /opt/arduino-1.5.4/hardware/arduino/sam//variants/arduino_due_x/libsam_sam3x8e_gcc_rel.a(uotghs_device.o)
                0x000817e0                UDD_FifoByteCount
 .text.UDD_ReleaseRX
                0x000817fc       0x2c /opt/arduino-1.5.4/hardware/arduino/sam//variants/arduino_due_x/libsam_sam3x8e_gcc_rel.a(uotghs_device.o)
                0x000817fc                UDD_ReleaseRX
 .text.UDD_ReleaseTX
                0x00081828       0x2c /opt/arduino-1.5.4/hardware/arduino/sam//variants/arduino_due_x/libsam_sam3x8e_gcc_rel.a(uotghs_device.o)
                0x00081828                UDD_ReleaseTX
 .text.UDD_SetAddress
                0x00081854       0x20 /opt/arduino-1.5.4/hardware/arduino/sam//variants/arduino_due_x/libsam_sam3x8e_gcc_rel.a(uotghs_device.o)
                0x00081854                UDD_SetAddress
 .text.UDD_Init
                0x00081874       0xd0 /opt/arduino-1.5.4/hardware/arduino/sam//variants/arduino_due_x/libsam_sam3x8e_gcc_rel.a(uotghs_device.o)
                0x00081874                UDD_Init
 .text.atexit   0x00081944       0x14 /opt/arduino-1.5.4/hardware/tools/arm-none-eabi/bin/../lib/gcc/arm-none-eabi/4.6.2/../../../../arm-none-eabi/lib/thumb/libc.a(lib_a-atexit.o)
                0x00081944                atexit
 .text.__libc_fini_array
                0x00081958       0x38 /opt/arduino-1.5.4/hardware/tools/arm-none-eabi/bin/../lib/gcc/arm-none-eabi/4.6.2/../../../../arm-none-eabi/lib/thumb/libc.a(lib_a-fini.o)
                0x00081958                __libc_fini_array
 .text.__libc_init_array
                0x00081990       0x50 /opt/arduino-1.5.4/hardware/tools/arm-none-eabi/bin/../lib/gcc/arm-none-eabi/4.6.2/../../../../arm-none-eabi/lib/thumb/libc.a(lib_a-init.o)
                0x00081990                __libc_init_array
 .text.malloc   0x000819e0       0x18 /opt/arduino-1.5.4/hardware/tools/arm-none-eabi/bin/../lib/gcc/arm-none-eabi/4.6.2/../../../../arm-none-eabi/lib/thumb/libc.a(lib_a-malloc.o)
                0x000819e0                malloc
 .text._malloc_r
                0x000819f8      0x520 /opt/arduino-1.5.4/hardware/tools/arm-none-eabi/bin/../lib/gcc/arm-none-eabi/4.6.2/../../../../arm-none-eabi/lib/thumb/libc.a(lib_a-mallocr.o)
                0x000819f8                _malloc_r
 .text.memset   0x00081f18       0x98 /opt/arduino-1.5.4/hardware/tools/arm-none-eabi/bin/../lib/gcc/arm-none-eabi/4.6.2/../../../../arm-none-eabi/lib/thumb/libc.a(lib_a-memset.o)
                0x00081f18                memset
 .text.__malloc_lock
                0x00081fb0        0x4 /opt/arduino-1.5.4/hardware/tools/arm-none-eabi/bin/../lib/gcc/arm-none-eabi/4.6.2/../../../../arm-none-eabi/lib/thumb/libc.a(lib_a-mlock.o)
                0x00081fb0                __malloc_lock
 .text.__malloc_unlock
                0x00081fb4        0x4 /opt/arduino-1.5.4/hardware/tools/arm-none-eabi/bin/../lib/gcc/arm-none-eabi/4.6.2/../../../../arm-none-eabi/lib/thumb/libc.a(lib_a-mlock.o)
                0x00081fb4                __malloc_unlock
 .text._sbrk_r  0x00081fb8       0x28 /opt/arduino-1.5.4/hardware/tools/arm-none-eabi/bin/../lib/gcc/arm-none-eabi/4.6.2/../../../../arm-none-eabi/lib/thumb/libc.a(lib_a-sbrkr.o)
                0x00081fb8                _sbrk_r
 .text.strlen   0x00081fe0       0x10 /opt/arduino-1.5.4/hardware/tools/arm-none-eabi/bin/../lib/gcc/arm-none-eabi/4.6.2/../../../../arm-none-eabi/lib/thumb/libc.a(lib_a-strlen.o)
                0x00081fe0                strlen
 .text.__register_exitproc
                0x00081ff0       0xd4 /opt/arduino-1.5.4/hardware/tools/arm-none-eabi/bin/../lib/gcc/arm-none-eabi/4.6.2/../../../../arm-none-eabi/lib/thumb/libc.a(lib_a-__atexit.o)
                0x00081ff0                __register_exitproc
 .text.startup.register_fini
                0x000820c4       0x1c /opt/arduino-1.5.4/hardware/tools/arm-none-eabi/bin/../lib/gcc/arm-none-eabi/4.6.2/../../../../arm-none-eabi/lib/thumb/libc.a(lib_a-__call_atexit.o)
 .text._malloc_trim_r
                0x000820e0       0xac /opt/arduino-1.5.4/hardware/tools/arm-none-eabi/bin/../lib/gcc/arm-none-eabi/4.6.2/../../../../arm-none-eabi/lib/thumb/libc.a(lib_a-freer.o)
                0x000820e0                _malloc_trim_r
 .text._free_r  0x0008218c      0x19c /opt/arduino-1.5.4/hardware/tools/arm-none-eabi/bin/../lib/gcc/arm-none-eabi/4.6.2/../../../../arm-none-eabi/lib/thumb/libc.a(lib_a-freer.o)
                0x0008218c                _free_r
 *(.glue_7t)
 .glue_7t       0x00000000        0x0 linker stubs
 *(.glue_7)
 .glue_7        0x00000000        0x0 linker stubs
 *(.rodata .rodata* .gnu.linkonce.r.*)
 .rodata.str1.1
                0x00082328        0x3 /home/olga/Arduino/sketchbook/serialConnect/build/serialConnect.ino.cpp.o
 .rodata.STRING_PRODUCT
                0x0008232b        0xc /home/olga/Arduino/sketchbook/serialConnect/build/core.a(USBCore.cpp.o)
                0x0008232b                STRING_PRODUCT
 .rodata.USB_DeviceDescriptor
                0x00082337       0x12 /home/olga/Arduino/sketchbook/serialConnect/build/core.a(USBCore.cpp.o)
                0x00082337                USB_DeviceDescriptor
 *fill*         0x00082349        0x3 00
 .rodata._ZL9EndPoints
                0x0008234c       0x14 /home/olga/Arduino/sketchbook/serialConnect/build/core.a(USBCore.cpp.o)
 .rodata.STRING_LANGUAGE
                0x00082360        0x4 /home/olga/Arduino/sketchbook/serialConnect/build/core.a(USBCore.cpp.o)
                0x00082360                STRING_LANGUAGE
 .rodata._ZL18test_packet_buffer
                0x00082364       0x35 /home/olga/Arduino/sketchbook/serialConnect/build/core.a(USBCore.cpp.o)
 .rodata.STRING_MANUFACTURER
                0x00082399        0xc /home/olga/Arduino/sketchbook/serialConnect/build/core.a(USBCore.cpp.o)
                0x00082399                STRING_MANUFACTURER
 .rodata.USB_DeviceDescriptorA
                0x000823a5       0x12 /home/olga/Arduino/sketchbook/serialConnect/build/core.a(USBCore.cpp.o)
                0x000823a5                USB_DeviceDescriptorA
 .rodata._ZL19USB_DeviceQualifier
                0x000823b7       0x12 /home/olga/Arduino/sketchbook/serialConnect/build/core.a(USBCore.cpp.o)
 *fill*         0x000823c9        0x7 00
 .rodata._ZTV7Serial_
                0x000823d0       0x28 /home/olga/Arduino/sketchbook/serialConnect/build/core.a(CDC.cpp.o)
                0x000823d0                _ZTV7Serial_
 .rodata._ZL18_cdcOtherInterface
                0x000823f8       0x42 /home/olga/Arduino/sketchbook/serialConnect/build/core.a(CDC.cpp.o)
 .rodata._ZL13_cdcInterface
                0x0008243a       0x42 /home/olga/Arduino/sketchbook/serialConnect/build/core.a(CDC.cpp.o)
 *fill*         0x0008247c        0x4 00
 .rodata._ZTV9Keyboard_
                0x00082480       0x20 /home/olga/Arduino/sketchbook/serialConnect/build/core.a(HID.cpp.o)
                0x00082480                _ZTV9Keyboard_
 .rodata._asciimap
                0x000824a0       0x80 /home/olga/Arduino/sketchbook/serialConnect/build/core.a(HID.cpp.o)
                0x000824a0                _asciimap
 .rodata._hidInterface
                0x00082520       0x19 /home/olga/Arduino/sketchbook/serialConnect/build/core.a(HID.cpp.o)
                0x00082520                _hidInterface
 .rodata._hidReportDescriptor
                0x00082539       0x65 /home/olga/Arduino/sketchbook/serialConnect/build/core.a(HID.cpp.o)
                0x00082539                _hidReportDescriptor
 *fill*         0x0008259e        0x2 00
 .rodata._ZTV9UARTClass
                0x000825a0       0x28 /home/olga/Arduino/sketchbook/serialConnect/build/core.a(UARTClass.cpp.o)
                0x000825a0                _ZTV9UARTClass
 .rodata.g_APinDescription
                0x000825c8      0xa2c /home/olga/Arduino/sketchbook/serialConnect/build/core.a(variant.cpp.o)
                0x000825c8                g_APinDescription
 *fill*         0x00082ff4        0x4 00
 .rodata._ZTV10USARTClass
                0x00082ff8       0x28 /home/olga/Arduino/sketchbook/serialConnect/build/core.a(USARTClass.cpp.o)
                0x00082ff8                _ZTV10USARTClass
 .rodata.str1.4
                0x00083020        0x4 /opt/arduino-1.5.4/hardware/tools/arm-none-eabi/bin/../lib/gcc/arm-none-eabi/4.6.2/../../../../arm-none-eabi/lib/thumb/libc.a(lib_a-impure.o)
 .rodata._global_impure_ptr
                0x00083024        0x4 /opt/arduino-1.5.4/hardware/tools/arm-none-eabi/bin/../lib/gcc/arm-none-eabi/4.6.2/../../../../arm-none-eabi/lib/thumb/libc.a(lib_a-impure.o)
                0x00083024                _global_impure_ptr
 *(.ARM.extab* .gnu.linkonce.armextab.*)
                0x00083028                . = ALIGN (0x4)
 *(.init)
 .init          0x00083028        0x4 /opt/arduino-1.5.4/hardware/tools/arm-none-eabi/bin/../lib/gcc/arm-none-eabi/4.6.2/thumb/crti.o
                0x00083028                _init
 .init          0x0008302c        0x8 /opt/arduino-1.5.4/hardware/tools/arm-none-eabi/bin/../lib/gcc/arm-none-eabi/4.6.2/thumb/crtn.o
                0x00083034                . = ALIGN (0x4)
                0x00083034                __preinit_array_start = .
 *(.preinit_array)
                0x00083034                __preinit_array_end = .
                0x00083034                . = ALIGN (0x4)
                0x00083034                __init_array_start = .
 *(SORT(.init_array.*))
 .init_array.00000
                0x00083034        0x4 /opt/arduino-1.5.4/hardware/tools/arm-none-eabi/bin/../lib/gcc/arm-none-eabi/4.6.2/../../../../arm-none-eabi/lib/thumb/libc.a(lib_a-__call_atexit.o)
 *(.init_array)
 .init_array    0x00083038        0x4 /opt/arduino-1.5.4/hardware/tools/arm-none-eabi/bin/../lib/gcc/arm-none-eabi/4.6.2/thumb/crtbegin.o
 .init_array    0x0008303c        0x4 /home/olga/Arduino/sketchbook/serialConnect/build/core.a(USBCore.cpp.o)
 .init_array    0x00083040        0x4 /home/olga/Arduino/sketchbook/serialConnect/build/core.a(CDC.cpp.o)
 .init_array    0x00083044        0x4 /home/olga/Arduino/sketchbook/serialConnect/build/core.a(HID.cpp.o)
 .init_array    0x00083048        0x4 /home/olga/Arduino/sketchbook/serialConnect/build/core.a(variant.cpp.o)
                0x0008304c                __init_array_end = .
                0x0008304c                . = ALIGN (0x4)
 *crtbegin.o(.ctors)
 *(EXCLUDE_FILE(*crtend.o) .ctors)
 *(SORT(.ctors.*))
 *crtend.o(.ctors)
                0x0008304c                . = ALIGN (0x4)
 *(.fini)
 .fini          0x0008304c        0x4 /opt/arduino-1.5.4/hardware/tools/arm-none-eabi/bin/../lib/gcc/arm-none-eabi/4.6.2/thumb/crti.o
                0x0008304c                _fini
 .fini          0x00083050        0x8 /opt/arduino-1.5.4/hardware/tools/arm-none-eabi/bin/../lib/gcc/arm-none-eabi/4.6.2/thumb/crtn.o
                0x00083058                . = ALIGN (0x4)
                0x00083058                __fini_array_start = .
 *(.fini_array)
 .fini_array    0x00083058        0x4 /opt/arduino-1.5.4/hardware/tools/arm-none-eabi/bin/../lib/gcc/arm-none-eabi/4.6.2/thumb/crtbegin.o
 *(SORT(.fini_array.*))
                0x0008305c                __fini_array_end = .
 *crtbegin.o(.dtors)
 *(EXCLUDE_FILE(*crtend.o) .dtors)
 *(SORT(.dtors.*))
 *crtend.o(.dtors)
                0x0008305c                . = ALIGN (0x4)
                0x0008305c                _efixed = .
                0x0008305c                PROVIDE (__exidx_start, .)

.vfp11_veneer   0x0008305c        0x0
 .vfp11_veneer  0x00000000        0x0 linker stubs

.v4_bx          0x0008305c        0x0
 .v4_bx         0x00000000        0x0 linker stubs

.iplt           0x0008305c        0x0
 .iplt          0x00000000        0x0 /opt/arduino-1.5.4/hardware/tools/arm-none-eabi/bin/../lib/gcc/arm-none-eabi/4.6.2/thumb/crtbegin.o

.eh_frame       0x0008305c        0x0
 .eh_frame      0x0008305c        0x0 /opt/arduino-1.5.4/hardware/tools/arm-none-eabi/bin/../lib/gcc/arm-none-eabi/4.6.2/thumb/crtbegin.o

.rel.dyn        0x0008305c        0x0
 .rel.iplt      0x00000000        0x0 /opt/arduino-1.5.4/hardware/tools/arm-none-eabi/bin/../lib/gcc/arm-none-eabi/4.6.2/thumb/crtbegin.o

.jcr            0x0008305c        0x0
 .jcr           0x0008305c        0x0 /opt/arduino-1.5.4/hardware/tools/arm-none-eabi/bin/../lib/gcc/arm-none-eabi/4.6.2/thumb/crtbegin.o

.igot.plt       0x0008305c        0x0
 .igot.plt      0x00000000        0x0 /opt/arduino-1.5.4/hardware/tools/arm-none-eabi/bin/../lib/gcc/arm-none-eabi/4.6.2/thumb/crtbegin.o

.ARM.exidx
 *(.ARM.exidx* .gnu.linkonce.armexidx.*)
                0x0008305c                PROVIDE (__exidx_end, .)
                0x0008305c                . = ALIGN (0x4)
                0x0008305c                _etext = .

.relocate       0x20070000      0x884 load address 0x0008305c
                0x20070000                . = ALIGN (0x4)
                0x20070000                _srelocate = .
 *(.ramfunc .ramfunc.*)
 .ramfunc       0x20070000       0x30 /home/olga/Arduino/sketchbook/serialConnect/build/core.a(Reset.cpp.o)
                0x20070000                banzai
 *(.data .data.*)
 .data._ZL12_usbLineInfo
                0x20070030        0x8 /home/olga/Arduino/sketchbook/serialConnect/build/core.a(CDC.cpp.o)
 .data._hid_protocol
                0x20070038        0x1 /home/olga/Arduino/sketchbook/serialConnect/build/core.a(HID.cpp.o)
                0x20070038                _hid_protocol
 .data._hid_idle
                0x20070039        0x1 /home/olga/Arduino/sketchbook/serialConnect/build/core.a(HID.cpp.o)
                0x20070039                _hid_idle
 *fill*         0x2007003a        0x2 00
 .data._ZL5ticks
                0x2007003c        0x4 /home/olga/Arduino/sketchbook/serialConnect/build/core.a(Reset.cpp.o)
 .data.SystemCoreClock
                0x20070040        0x4 /opt/arduino-1.5.4/hardware/arduino/sam//variants/arduino_due_x/libsam_sam3x8e_gcc_rel.a(system_sam3xa.o)
                0x20070040                SystemCoreClock
 .data.g_interrupt_enabled
                0x20070044        0x4 /opt/arduino-1.5.4/hardware/arduino/sam//variants/arduino_due_x/libsam_sam3x8e_gcc_rel.a(interrupt_sam_nvic.o)
                0x20070044                g_interrupt_enabled
 .data.impure_data
                0x20070048      0x428 /opt/arduino-1.5.4/hardware/tools/arm-none-eabi/bin/../lib/gcc/arm-none-eabi/4.6.2/../../../../arm-none-eabi/lib/thumb/libc.a(lib_a-impure.o)
 .data._impure_ptr
                0x20070470        0x4 /opt/arduino-1.5.4/hardware/tools/arm-none-eabi/bin/../lib/gcc/arm-none-eabi/4.6.2/../../../../arm-none-eabi/lib/thumb/libc.a(lib_a-impure.o)
                0x20070470                _impure_ptr
 .data.__malloc_av_
                0x20070474      0x408 /opt/arduino-1.5.4/hardware/tools/arm-none-eabi/bin/../lib/gcc/arm-none-eabi/4.6.2/../../../../arm-none-eabi/lib/thumb/libc.a(lib_a-mallocr.o)
                0x20070474                __malloc_av_
 .data.__malloc_trim_threshold
                0x2007087c        0x4 /opt/arduino-1.5.4/hardware/tools/arm-none-eabi/bin/../lib/gcc/arm-none-eabi/4.6.2/../../../../arm-none-eabi/lib/thumb/libc.a(lib_a-mallocr.o)
                0x2007087c                __malloc_trim_threshold
 .data.__malloc_sbrk_base
                0x20070880        0x4 /opt/arduino-1.5.4/hardware/tools/arm-none-eabi/bin/../lib/gcc/arm-none-eabi/4.6.2/../../../../arm-none-eabi/lib/thumb/libc.a(lib_a-mallocr.o)
                0x20070880                __malloc_sbrk_base
                0x20070884                . = ALIGN (0x4)
                0x20070884                _erelocate = .

.bss            0x20070884      0x4f4 load address 0x000838e0
                0x20070884                . = ALIGN (0x4)
                0x20070884                _sbss = .
                0x20070884                _szero = .
 *(.bss .bss.*)
 .bss           0x20070884       0x1c /opt/arduino-1.5.4/hardware/tools/arm-none-eabi/bin/../lib/gcc/arm-none-eabi/4.6.2/thumb/crtbegin.o
 .bss.gpf_isr   0x200708a0        0x4 /opt/arduino-1.5.4/hardware/arduino/sam//variants/arduino_due_x/libsam_sam3x8e_gcc_rel.a(uotghs.o)
                0x200708a0                gpf_isr
 .bss._ZL14isEndpointHalt
                0x200708a4        0x1 /home/olga/Arduino/sketchbook/serialConnect/build/core.a(USBCore.cpp.o)
 *fill*         0x200708a5        0x3 00
 .bss._cmark    0x200708a8        0x4 /home/olga/Arduino/sketchbook/serialConnect/build/core.a(USBCore.cpp.o)
                0x200708a8                _cmark
 .bss._cend     0x200708ac        0x4 /home/olga/Arduino/sketchbook/serialConnect/build/core.a(USBCore.cpp.o)
                0x200708ac                _cend
 .bss._cdcComposite
                0x200708b0        0x4 /home/olga/Arduino/sketchbook/serialConnect/build/core.a(USBCore.cpp.o)
                0x200708b0                _cdcComposite
 .bss._ZL21isRemoteWakeUpEnabled
                0x200708b4        0x1 /home/olga/Arduino/sketchbook/serialConnect/build/core.a(USBCore.cpp.o)
 *fill*         0x200708b5        0x3 00
 .bss._usbInitialized
                0x200708b8        0x4 /home/olga/Arduino/sketchbook/serialConnect/build/core.a(USBCore.cpp.o)
                0x200708b8                _usbInitialized
 .bss.USBDevice
                0x200708bc        0x1 /home/olga/Arduino/sketchbook/serialConnect/build/core.a(USBCore.cpp.o)
                0x200708bc                USBDevice
 *fill*         0x200708bd        0x3 00
 .bss._usbSetInterface
                0x200708c0        0x4 /home/olga/Arduino/sketchbook/serialConnect/build/core.a(USBCore.cpp.o)
                0x200708c0                _usbSetInterface
 .bss._usbConfiguration
                0x200708c4        0x4 /home/olga/Arduino/sketchbook/serialConnect/build/core.a(USBCore.cpp.o)
                0x200708c4                _usbConfiguration
 .bss.cdc_rx_buffer
                0x200708c8      0x208 /home/olga/Arduino/sketchbook/serialConnect/build/core.a(CDC.cpp.o)
                0x200708c8                cdc_rx_buffer
 .bss._ZZN7Serial_6acceptEvE5guard
                0x20070ad0        0x4 /home/olga/Arduino/sketchbook/serialConnect/build/core.a(CDC.cpp.o)
 .bss.SerialUSB
                0x20070ad4       0x14 /home/olga/Arduino/sketchbook/serialConnect/build/core.a(CDC.cpp.o)
                0x20070ad4                SerialUSB
 .bss.Mouse     0x20070ae8        0x1 /home/olga/Arduino/sketchbook/serialConnect/build/core.a(HID.cpp.o)
                0x20070ae8                Mouse
 *fill*         0x20070ae9        0x3 00
 .bss.Keyboard  0x20070aec       0x10 /home/olga/Arduino/sketchbook/serialConnect/build/core.a(HID.cpp.o)
                0x20070aec                Keyboard
 .bss.Serial    0x20070afc       0x20 /home/olga/Arduino/sketchbook/serialConnect/build/core.a(variant.cpp.o)
                0x20070afc                Serial
 .bss.rx_buffer1
                0x20070b1c       0x48 /home/olga/Arduino/sketchbook/serialConnect/build/core.a(variant.cpp.o)
                0x20070b1c                rx_buffer1
 .bss.Serial1   0x20070b64       0x20 /home/olga/Arduino/sketchbook/serialConnect/build/core.a(variant.cpp.o)
                0x20070b64                Serial1
 .bss.Serial2   0x20070b84       0x20 /home/olga/Arduino/sketchbook/serialConnect/build/core.a(variant.cpp.o)
                0x20070b84                Serial2
 .bss.Serial3   0x20070ba4       0x20 /home/olga/Arduino/sketchbook/serialConnect/build/core.a(variant.cpp.o)
                0x20070ba4                Serial3
 .bss.rx_buffer2
                0x20070bc4       0x48 /home/olga/Arduino/sketchbook/serialConnect/build/core.a(variant.cpp.o)
                0x20070bc4                rx_buffer2
 .bss.rx_buffer3
                0x20070c0c       0x48 /home/olga/Arduino/sketchbook/serialConnect/build/core.a(variant.cpp.o)
                0x20070c0c                rx_buffer3
 .bss.rx_buffer4
                0x20070c54       0x48 /home/olga/Arduino/sketchbook/serialConnect/build/core.a(variant.cpp.o)
                0x20070c54                rx_buffer4
 .bss.pinEnabled
                0x20070c9c       0x4f /home/olga/Arduino/sketchbook/serialConnect/build/core.a(wiring_analog.c.o)
 *fill*         0x20070ceb        0x1 00
 .bss._dwTickCount
                0x20070cec        0x4 /opt/arduino-1.5.4/hardware/arduino/sam//variants/arduino_due_x/libsam_sam3x8e_gcc_rel.a(timetick.o)
 .bss.ul_recv_fifo_ptr
                0x20070cf0       0x28 /opt/arduino-1.5.4/hardware/arduino/sam//variants/arduino_due_x/libsam_sam3x8e_gcc_rel.a(uotghs_device.o)
 .bss.ul_send_fifo_ptr
                0x20070d18       0x28 /opt/arduino-1.5.4/hardware/arduino/sam//variants/arduino_due_x/libsam_sam3x8e_gcc_rel.a(uotghs_device.o)
 .bss.__malloc_max_total_mem
                0x20070d40        0x4 /opt/arduino-1.5.4/hardware/tools/arm-none-eabi/bin/../lib/gcc/arm-none-eabi/4.6.2/../../../../arm-none-eabi/lib/thumb/libc.a(lib_a-mallocr.o)
                0x20070d40                __malloc_max_total_mem
 .bss.__malloc_max_sbrked_mem
                0x20070d44        0x4 /opt/arduino-1.5.4/hardware/tools/arm-none-eabi/bin/../lib/gcc/arm-none-eabi/4.6.2/../../../../arm-none-eabi/lib/thumb/libc.a(lib_a-mallocr.o)
                0x20070d44                __malloc_max_sbrked_mem
 .bss.__malloc_top_pad
                0x20070d48        0x4 /opt/arduino-1.5.4/hardware/tools/arm-none-eabi/bin/../lib/gcc/arm-none-eabi/4.6.2/../../../../arm-none-eabi/lib/thumb/libc.a(lib_a-mallocr.o)
                0x20070d48                __malloc_top_pad
 .bss.__malloc_current_mallinfo
                0x20070d4c       0x28 /opt/arduino-1.5.4/hardware/tools/arm-none-eabi/bin/../lib/gcc/arm-none-eabi/4.6.2/../../../../arm-none-eabi/lib/thumb/libc.a(lib_a-mallocr.o)
                0x20070d4c                __malloc_current_mallinfo
 *(COMMON)
 COMMON         0x20070d74        0x4 /opt/arduino-1.5.4/hardware/tools/arm-none-eabi/bin/../lib/gcc/arm-none-eabi/4.6.2/../../../../arm-none-eabi/lib/thumb/libc.a(lib_a-reent.o)
                0x20070d74                errno
                0x20070d78                . = ALIGN (0x4)
                0x20070d78                _ebss = .
                0x20070d78                _ezero = .
                0x20070d78                . = ALIGN (0x4)
                0x20070d78                _end = .

.stack_dummy    0x20070d78        0x0
 *(.stack*)
                0x20088000                __StackTop = (ORIGIN (ram) + 0x18000)
                0x20088000                __StackLimit = (__StackTop - SIZEOF (.stack_dummy))
                0x20088000                PROVIDE (_sstack, __StackLimit)
                0x20088000                PROVIDE (_estack, __StackTop)
OUTPUT(/home/olga/Arduino/sketchbook/serialConnect/build/serialConnect.elf elf32-littlearm)

.ARM.attributes
                0x00000000       0x31
 .ARM.attributes
                0x00000000       0x18 /opt/arduino-1.5.4/hardware/tools/arm-none-eabi/bin/../lib/gcc/arm-none-eabi/4.6.2/thumb/crti.o
 .ARM.attributes
                0x00000018       0x32 /opt/arduino-1.5.4/hardware/tools/arm-none-eabi/bin/../lib/gcc/arm-none-eabi/4.6.2/thumb/crtbegin.o
 .ARM.attributes
                0x0000004a       0x33 /home/olga/Arduino/sketchbook/serialConnect/build/serialConnect.ino.cpp.o
 .ARM.attributes
                0x0000007d       0x31 /opt/arduino-1.5.4/hardware/arduino/sam//variants/arduino_due_x/libsam_sam3x8e_gcc_rel.a(startup_sam3xa.o)
 .ARM.attributes
                0x000000ae       0x31 /opt/arduino-1.5.4/hardware/arduino/sam//variants/arduino_due_x/libsam_sam3x8e_gcc_rel.a(uotghs.o)
 .ARM.attributes
                0x000000df       0x33 /home/olga/Arduino/sketchbook/serialConnect/build/core.a(cortex_handlers.c.o)
 .ARM.attributes
                0x00000112       0x33 /home/olga/Arduino/sketchbook/serialConnect/build/core.a(hooks.c.o)
 .ARM.attributes
                0x00000145       0x33 /home/olga/Arduino/sketchbook/serialConnect/build/core.a(wiring.c.o)
 .ARM.attributes
                0x00000178       0x33 /home/olga/Arduino/sketchbook/serialConnect/build/core.a(Print.cpp.o)
 .ARM.attributes
                0x000001ab       0x33 /home/olga/Arduino/sketchbook/serialConnect/build/core.a(USBCore.cpp.o)
 .ARM.attributes
                0x000001de       0x33 /home/olga/Arduino/sketchbook/serialConnect/build/core.a(CDC.cpp.o)
 .ARM.attributes
                0x00000211       0x33 /home/olga/Arduino/sketchbook/serialConnect/build/core.a(HID.cpp.o)
 .ARM.attributes
                0x00000244       0x33 /home/olga/Arduino/sketchbook/serialConnect/build/core.a(UARTClass.cpp.o)
 .ARM.attributes
                0x00000277       0x33 /home/olga/Arduino/sketchbook/serialConnect/build/core.a(RingBuffer.cpp.o)
 .ARM.attributes
                0x000002aa       0x33 /home/olga/Arduino/sketchbook/serialConnect/build/core.a(Reset.cpp.o)
 .ARM.attributes
                0x000002dd       0x33 /home/olga/Arduino/sketchbook/serialConnect/build/core.a(variant.cpp.o)
 .ARM.attributes
                0x00000310       0x33 /home/olga/Arduino/sketchbook/serialConnect/build/core.a(wiring_analog.c.o)
 .ARM.attributes
                0x00000343       0x33 /home/olga/Arduino/sketchbook/serialConnect/build/core.a(wiring_digital.c.o)
 .ARM.attributes
                0x00000376       0x33 /home/olga/Arduino/sketchbook/serialConnect/build/core.a(USARTClass.cpp.o)
 .ARM.attributes
                0x000003a9       0x31 /opt/arduino-1.5.4/hardware/arduino/sam//variants/arduino_due_x/libsam_sam3x8e_gcc_rel.a(pio.o)
 .ARM.attributes
                0x000003da       0x31 /opt/arduino-1.5.4/hardware/arduino/sam//variants/arduino_due_x/libsam_sam3x8e_gcc_rel.a(pmc.o)
 .ARM.attributes
                0x0000040b       0x31 /opt/arduino-1.5.4/hardware/arduino/sam//variants/arduino_due_x/libsam_sam3x8e_gcc_rel.a(timetick.o)
 .ARM.attributes
                0x0000043c       0x31 /opt/arduino-1.5.4/hardware/arduino/sam//variants/arduino_due_x/libsam_sam3x8e_gcc_rel.a(wdt.o)
 .ARM.attributes
                0x0000046d       0x31 /opt/arduino-1.5.4/hardware/arduino/sam//variants/arduino_due_x/libsam_sam3x8e_gcc_rel.a(system_sam3xa.o)
 .ARM.attributes
                0x0000049e       0x31 /opt/arduino-1.5.4/hardware/arduino/sam//variants/arduino_due_x/libsam_sam3x8e_gcc_rel.a(adc.o)
 .ARM.attributes
                0x000004cf       0x31 /opt/arduino-1.5.4/hardware/arduino/sam//variants/arduino_due_x/libsam_sam3x8e_gcc_rel.a(interrupt_sam_nvic.o)
 .ARM.attributes
                0x00000500       0x31 /opt/arduino-1.5.4/hardware/arduino/sam//variants/arduino_due_x/libsam_sam3x8e_gcc_rel.a(uotghs_device.o)
 .ARM.attributes
                0x00000531       0x32 /opt/arduino-1.5.4/hardware/tools/arm-none-eabi/bin/../lib/gcc/arm-none-eabi/4.6.2/../../../../arm-none-eabi/lib/thumb/libc.a(lib_a-atexit.o)
 .ARM.attributes
                0x00000563       0x32 /opt/arduino-1.5.4/hardware/tools/arm-none-eabi/bin/../lib/gcc/arm-none-eabi/4.6.2/../../../../arm-none-eabi/lib/thumb/libc.a(lib_a-fini.o)
 .ARM.attributes
                0x00000595       0x32 /opt/arduino-1.5.4/hardware/tools/arm-none-eabi/bin/../lib/gcc/arm-none-eabi/4.6.2/../../../../arm-none-eabi/lib/thumb/libc.a(lib_a-impure.o)
 .ARM.attributes
                0x000005c7       0x32 /opt/arduino-1.5.4/hardware/tools/arm-none-eabi/bin/../lib/gcc/arm-none-eabi/4.6.2/../../../../arm-none-eabi/lib/thumb/libc.a(lib_a-init.o)
 .ARM.attributes
                0x000005f9       0x32 /opt/arduino-1.5.4/hardware/tools/arm-none-eabi/bin/../lib/gcc/arm-none-eabi/4.6.2/../../../../arm-none-eabi/lib/thumb/libc.a(lib_a-malloc.o)
 .ARM.attributes
                0x0000062b       0x32 /opt/arduino-1.5.4/hardware/tools/arm-none-eabi/bin/../lib/gcc/arm-none-eabi/4.6.2/../../../../arm-none-eabi/lib/thumb/libc.a(lib_a-mallocr.o)
 .ARM.attributes
                0x0000065d       0x32 /opt/arduino-1.5.4/hardware/tools/arm-none-eabi/bin/../lib/gcc/arm-none-eabi/4.6.2/../../../../arm-none-eabi/lib/thumb/libc.a(lib_a-memset.o)
 .ARM.attributes
                0x0000068f       0x32 /opt/arduino-1.5.4/hardware/tools/arm-none-eabi/bin/../lib/gcc/arm-none-eabi/4.6.2/../../../../arm-none-eabi/lib/thumb/libc.a(lib_a-mlock.o)
 .ARM.attributes
                0x000006c1       0x32 /opt/arduino-1.5.4/hardware/tools/arm-none-eabi/bin/../lib/gcc/arm-none-eabi/4.6.2/../../../../arm-none-eabi/lib/thumb/libc.a(lib_a-sbrkr.o)
 .ARM.attributes
                0x000006f3       0x32 /opt/arduino-1.5.4/hardware/tools/arm-none-eabi/bin/../lib/gcc/arm-none-eabi/4.6.2/../../../../arm-none-eabi/lib/thumb/libc.a(lib_a-strlen.o)
 .ARM.attributes
                0x00000725       0x32 /opt/arduino-1.5.4/hardware/tools/arm-none-eabi/bin/../lib/gcc/arm-none-eabi/4.6.2/../../../../arm-none-eabi/lib/thumb/libc.a(lib_a-__atexit.o)
 .ARM.attributes
                0x00000757       0x32 /opt/arduino-1.5.4/hardware/tools/arm-none-eabi/bin/../lib/gcc/arm-none-eabi/4.6.2/../../../../arm-none-eabi/lib/thumb/libc.a(lib_a-__call_atexit.o)
 .ARM.attributes
                0x00000789       0x32 /opt/arduino-1.5.4/hardware/tools/arm-none-eabi/bin/../lib/gcc/arm-none-eabi/4.6.2/../../../../arm-none-eabi/lib/thumb/libc.a(lib_a-freer.o)
 .ARM.attributes
                0x000007bb       0x32 /opt/arduino-1.5.4/hardware/tools/arm-none-eabi/bin/../lib/gcc/arm-none-eabi/4.6.2/../../../../arm-none-eabi/lib/thumb/libc.a(lib_a-reent.o)
 .ARM.attributes
                0x000007ed       0x18 /opt/arduino-1.5.4/hardware/tools/arm-none-eabi/bin/../lib/gcc/arm-none-eabi/4.6.2/thumb/crtn.o

.comment        0x00000000      0x21e
 .comment       0x00000000       0x70 /home/olga/Arduino/sketchbook/serialConnect/build/serialConnect.ino.cpp.o
                                 0x71 (size before relaxing)
 .comment       0x00000070       0x2b /opt/arduino-1.5.4/hardware/arduino/sam//variants/arduino_due_x/libsam_sam3x8e_gcc_rel.a(startup_sam3xa.o)
 .comment       0x0000009b       0x2b /opt/arduino-1.5.4/hardware/arduino/sam//variants/arduino_due_x/libsam_sam3x8e_gcc_rel.a(uotghs.o)
 .comment       0x00000000       0x71 /home/olga/Arduino/sketchbook/serialConnect/build/core.a(cortex_handlers.c.o)
 .comment       0x00000000       0x71 /home/olga/Arduino/sketchbook/serialConnect/build/core.a(hooks.c.o)
 .comment       0x00000000       0x71 /home/olga/Arduino/sketchbook/serialConnect/build/core.a(wiring.c.o)
 .comment       0x00000000       0x71 /home/olga/Arduino/sketchbook/serialConnect/build/core.a(Print.cpp.o)
 .comment       0x00000000       0x71 /home/olga/Arduino/sketchbook/serialConnect/build/core.a(USBCore.cpp.o)
 .comment       0x00000000       0x71 /home/olga/Arduino/sketchbook/serialConnect/build/core.a(CDC.cpp.o)
 .comment       0x00000000       0x71 /home/olga/Arduino/sketchbook/serialConnect/build/core.a(HID.cpp.o)
 .comment       0x00000000       0x71 /home/olga/Arduino/sketchbook/serialConnect/build/core.a(UARTClass.cpp.o)
 .comment       0x00000000       0x71 /home/olga/Arduino/sketchbook/serialConnect/build/core.a(RingBuffer.cpp.o)
 .comment       0x00000000       0x71 /home/olga/Arduino/sketchbook/serialConnect/build/core.a(Reset.cpp.o)
 .comment       0x00000000       0x71 /home/olga/Arduino/sketchbook/serialConnect/build/core.a(variant.cpp.o)
 .comment       0x00000000       0x71 /home/olga/Arduino/sketchbook/serialConnect/build/core.a(wiring_analog.c.o)
 .comment       0x00000000       0x71 /home/olga/Arduino/sketchbook/serialConnect/build/core.a(wiring_digital.c.o)
 .comment       0x00000000       0x71 /home/olga/Arduino/sketchbook/serialConnect/build/core.a(USARTClass.cpp.o)
 .comment       0x000000c6       0x2b /opt/arduino-1.5.4/hardware/arduino/sam//variants/arduino_due_x/libsam_sam3x8e_gcc_rel.a(pio.o)
 .comment       0x000000f1       0x2b /opt/arduino-1.5.4/hardware/arduino/sam//variants/arduino_due_x/libsam_sam3x8e_gcc_rel.a(pmc.o)
 .comment       0x0000011c       0x2b /opt/arduino-1.5.4/hardware/arduino/sam//variants/arduino_due_x/libsam_sam3x8e_gcc_rel.a(timetick.o)
 .comment       0x00000147       0x2b /opt/arduino-1.5.4/hardware/arduino/sam//variants/arduino_due_x/libsam_sam3x8e_gcc_rel.a(wdt.o)
 .comment       0x00000172       0x2b /opt/arduino-1.5.4/hardware/arduino/sam//variants/arduino_due_x/libsam_sam3x8e_gcc_rel.a(system_sam3xa.o)
 .comment       0x0000019d       0x2b /opt/arduino-1.5.4/hardware/arduino/sam//variants/arduino_due_x/libsam_sam3x8e_gcc_rel.a(adc.o)
 .comment       0x000001c8       0x2b /opt/arduino-1.5.4/hardware/arduino/sam//variants/arduino_due_x/libsam_sam3x8e_gcc_rel.a(interrupt_sam_nvic.o)
 .comment       0x000001f3       0x2b /opt/arduino-1.5.4/hardware/arduino/sam//variants/arduino_due_x/libsam_sam3x8e_gcc_rel.a(uotghs_device.o)

.debug_info     0x00000000     0xf1fe
 .debug_info    0x00000000      0x33f /home/olga/Arduino/sketchbook/serialConnect/build/serialConnect.ino.cpp.o
 .debug_info    0x0000033f      0x252 /home/olga/Arduino/sketchbook/serialConnect/build/core.a(cortex_handlers.c.o)
 .debug_info    0x00000591       0x67 /home/olga/Arduino/sketchbook/serialConnect/build/core.a(hooks.c.o)
 .debug_info    0x000005f8      0x4e9 /home/olga/Arduino/sketchbook/serialConnect/build/core.a(wiring.c.o)
 .debug_info    0x00000ae1     0x2126 /home/olga/Arduino/sketchbook/serialConnect/build/core.a(Print.cpp.o)
 .debug_info    0x00002c07     0x17bd /home/olga/Arduino/sketchbook/serialConnect/build/core.a(USBCore.cpp.o)
 .debug_info    0x000043c4     0x274f /home/olga/Arduino/sketchbook/serialConnect/build/core.a(CDC.cpp.o)
 .debug_info    0x00006b13      0xf8f /home/olga/Arduino/sketchbook/serialConnect/build/core.a(HID.cpp.o)
 .debug_info    0x00007aa2     0x1daa /home/olga/Arduino/sketchbook/serialConnect/build/core.a(UARTClass.cpp.o)
 .debug_info    0x0000984c      0x192 /home/olga/Arduino/sketchbook/serialConnect/build/core.a(RingBuffer.cpp.o)
 .debug_info    0x000099de      0x389 /home/olga/Arduino/sketchbook/serialConnect/build/core.a(Reset.cpp.o)
 .debug_info    0x00009d67     0x1604 /home/olga/Arduino/sketchbook/serialConnect/build/core.a(variant.cpp.o)
 .debug_info    0x0000b36b     0x1717 /home/olga/Arduino/sketchbook/serialConnect/build/core.a(wiring_analog.c.o)
 .debug_info    0x0000ca82      0x8ea /home/olga/Arduino/sketchbook/serialConnect/build/core.a(wiring_digital.c.o)
 .debug_info    0x0000d36c     0x1e92 /home/olga/Arduino/sketchbook/serialConnect/build/core.a(USARTClass.cpp.o)

.debug_abbrev   0x00000000     0x2841
 .debug_abbrev  0x00000000      0x164 /home/olga/Arduino/sketchbook/serialConnect/build/serialConnect.ino.cpp.o
 .debug_abbrev  0x00000164       0xc2 /home/olga/Arduino/sketchbook/serialConnect/build/core.a(cortex_handlers.c.o)
 .debug_abbrev  0x00000226       0x43 /home/olga/Arduino/sketchbook/serialConnect/build/core.a(hooks.c.o)
 .debug_abbrev  0x00000269      0x145 /home/olga/Arduino/sketchbook/serialConnect/build/core.a(wiring.c.o)
 .debug_abbrev  0x000003ae      0x3d4 /home/olga/Arduino/sketchbook/serialConnect/build/core.a(Print.cpp.o)
 .debug_abbrev  0x00000782      0x536 /home/olga/Arduino/sketchbook/serialConnect/build/core.a(USBCore.cpp.o)
 .debug_abbrev  0x00000cb8      0x54e /home/olga/Arduino/sketchbook/serialConnect/build/core.a(CDC.cpp.o)
 .debug_abbrev  0x00001206      0x505 /home/olga/Arduino/sketchbook/serialConnect/build/core.a(HID.cpp.o)
 .debug_abbrev  0x0000170b      0x415 /home/olga/Arduino/sketchbook/serialConnect/build/core.a(UARTClass.cpp.o)
 .debug_abbrev  0x00001b20      0x12b /home/olga/Arduino/sketchbook/serialConnect/build/core.a(RingBuffer.cpp.o)
 .debug_abbrev  0x00001c4b      0x140 /home/olga/Arduino/sketchbook/serialConnect/build/core.a(Reset.cpp.o)
 .debug_abbrev  0x00001d8b      0x2dd /home/olga/Arduino/sketchbook/serialConnect/build/core.a(variant.cpp.o)
 .debug_abbrev  0x00002068      0x285 /home/olga/Arduino/sketchbook/serialConnect/build/core.a(wiring_analog.c.o)
 .debug_abbrev  0x000022ed      0x13f /home/olga/Arduino/sketchbook/serialConnect/build/core.a(wiring_digital.c.o)
 .debug_abbrev  0x0000242c      0x415 /home/olga/Arduino/sketchbook/serialConnect/build/core.a(USARTClass.cpp.o)

.debug_loc      0x00000000     0x2d9e
 .debug_loc     0x00000000       0x74 /home/olga/Arduino/sketchbook/serialConnect/build/serialConnect.ino.cpp.o
 .debug_loc     0x00000074       0x20 /home/olga/Arduino/sketchbook/serialConnect/build/core.a(cortex_handlers.c.o)
 .debug_loc     0x00000094      0x149 /home/olga/Arduino/sketchbook/serialConnect/build/core.a(wiring.c.o)
 .debug_loc     0x000001dd      0xef5 /home/olga/Arduino/sketchbook/serialConnect/build/core.a(Print.cpp.o)
 .debug_loc     0x000010d2      0xa59 /home/olga/Arduino/sketchbook/serialConnect/build/core.a(USBCore.cpp.o)
 .debug_loc     0x00001b2b      0x3c4 /home/olga/Arduino/sketchbook/serialConnect/build/core.a(CDC.cpp.o)
 .debug_loc     0x00001eef      0x55a /home/olga/Arduino/sketchbook/serialConnect/build/core.a(HID.cpp.o)
 .debug_loc     0x00002449      0x19b /home/olga/Arduino/sketchbook/serialConnect/build/core.a(UARTClass.cpp.o)
 .debug_loc     0x000025e4       0x5e /home/olga/Arduino/sketchbook/serialConnect/build/core.a(RingBuffer.cpp.o)
 .debug_loc     0x00002642       0x34 /home/olga/Arduino/sketchbook/serialConnect/build/core.a(Reset.cpp.o)
 .debug_loc     0x00002676       0x7f /home/olga/Arduino/sketchbook/serialConnect/build/core.a(variant.cpp.o)
 .debug_loc     0x000026f5      0x418 /home/olga/Arduino/sketchbook/serialConnect/build/core.a(wiring_analog.c.o)
 .debug_loc     0x00002b0d       0xf6 /home/olga/Arduino/sketchbook/serialConnect/build/core.a(wiring_digital.c.o)
 .debug_loc     0x00002c03      0x19b /home/olga/Arduino/sketchbook/serialConnect/build/core.a(USARTClass.cpp.o)

.debug_aranges  0x00000000      0x600
 .debug_aranges
                0x00000000       0x40 /home/olga/Arduino/sketchbook/serialConnect/build/serialConnect.ino.cpp.o
 .debug_aranges
                0x00000040       0x38 /home/olga/Arduino/sketchbook/serialConnect/build/core.a(cortex_handlers.c.o)
 .debug_aranges
                0x00000078       0x30 /home/olga/Arduino/sketchbook/serialConnect/build/core.a(hooks.c.o)
 .debug_aranges
                0x000000a8       0x30 /home/olga/Arduino/sketchbook/serialConnect/build/core.a(wiring.c.o)
 .debug_aranges
                0x000000d8       0xf0 /home/olga/Arduino/sketchbook/serialConnect/build/core.a(Print.cpp.o)
 .debug_aranges
                0x000001c8       0xc0 /home/olga/Arduino/sketchbook/serialConnect/build/core.a(USBCore.cpp.o)
 .debug_aranges
                0x00000288       0x90 /home/olga/Arduino/sketchbook/serialConnect/build/core.a(CDC.cpp.o)
 .debug_aranges
                0x00000318       0xc8 /home/olga/Arduino/sketchbook/serialConnect/build/core.a(HID.cpp.o)
 .debug_aranges
                0x000003e0       0x68 /home/olga/Arduino/sketchbook/serialConnect/build/core.a(UARTClass.cpp.o)
 .debug_aranges
                0x00000448       0x28 /home/olga/Arduino/sketchbook/serialConnect/build/core.a(RingBuffer.cpp.o)
 .debug_aranges
                0x00000470       0x38 /home/olga/Arduino/sketchbook/serialConnect/build/core.a(Reset.cpp.o)
 .debug_aranges
                0x000004a8       0x70 /home/olga/Arduino/sketchbook/serialConnect/build/core.a(variant.cpp.o)
 .debug_aranges
                0x00000518       0x50 /home/olga/Arduino/sketchbook/serialConnect/build/core.a(wiring_analog.c.o)
 .debug_aranges
                0x00000568       0x30 /home/olga/Arduino/sketchbook/serialConnect/build/core.a(wiring_digital.c.o)
 .debug_aranges
                0x00000598       0x68 /home/olga/Arduino/sketchbook/serialConnect/build/core.a(USARTClass.cpp.o)

.debug_ranges   0x00000000      0xa70
 .debug_ranges  0x00000000       0x58 /home/olga/Arduino/sketchbook/serialConnect/build/serialConnect.ino.cpp.o
 .debug_ranges  0x00000058       0x28 /home/olga/Arduino/sketchbook/serialConnect/build/core.a(cortex_handlers.c.o)
 .debug_ranges  0x00000080       0x20 /home/olga/Arduino/sketchbook/serialConnect/build/core.a(hooks.c.o)
 .debug_ranges  0x000000a0       0x20 /home/olga/Arduino/sketchbook/serialConnect/build/core.a(wiring.c.o)
 .debug_ranges  0x000000c0      0x1a8 /home/olga/Arduino/sketchbook/serialConnect/build/core.a(Print.cpp.o)
 .debug_ranges  0x00000268      0x320 /home/olga/Arduino/sketchbook/serialConnect/build/core.a(USBCore.cpp.o)
 .debug_ranges  0x00000588      0x110 /home/olga/Arduino/sketchbook/serialConnect/build/core.a(CDC.cpp.o)
 .debug_ranges  0x00000698      0x128 /home/olga/Arduino/sketchbook/serialConnect/build/core.a(HID.cpp.o)
 .debug_ranges  0x000007c0       0x88 /home/olga/Arduino/sketchbook/serialConnect/build/core.a(UARTClass.cpp.o)
 .debug_ranges  0x00000848       0x30 /home/olga/Arduino/sketchbook/serialConnect/build/core.a(RingBuffer.cpp.o)
 .debug_ranges  0x00000878       0x28 /home/olga/Arduino/sketchbook/serialConnect/build/core.a(Reset.cpp.o)
 .debug_ranges  0x000008a0       0xa0 /home/olga/Arduino/sketchbook/serialConnect/build/core.a(variant.cpp.o)
 .debug_ranges  0x00000940       0x88 /home/olga/Arduino/sketchbook/serialConnect/build/core.a(wiring_analog.c.o)
 .debug_ranges  0x000009c8       0x20 /home/olga/Arduino/sketchbook/serialConnect/build/core.a(wiring_digital.c.o)
 .debug_ranges  0x000009e8       0x88 /home/olga/Arduino/sketchbook/serialConnect/build/core.a(USARTClass.cpp.o)

.debug_line     0x00000000     0x3723
 .debug_line    0x00000000      0x295 /home/olga/Arduino/sketchbook/serialConnect/build/serialConnect.ino.cpp.o
 .debug_line    0x00000295      0x221 /home/olga/Arduino/sketchbook/serialConnect/build/core.a(cortex_handlers.c.o)
 .debug_line    0x000004b6       0x8e /home/olga/Arduino/sketchbook/serialConnect/build/core.a(hooks.c.o)
 .debug_line    0x00000544      0x22b /home/olga/Arduino/sketchbook/serialConnect/build/core.a(wiring.c.o)
 .debug_line    0x0000076f      0x5be /home/olga/Arduino/sketchbook/serialConnect/build/core.a(Print.cpp.o)
 .debug_line    0x00000d2d      0x6c9 /home/olga/Arduino/sketchbook/serialConnect/build/core.a(USBCore.cpp.o)
 .debug_line    0x000013f6      0x594 /home/olga/Arduino/sketchbook/serialConnect/build/core.a(CDC.cpp.o)
 .debug_line    0x0000198a      0x537 /home/olga/Arduino/sketchbook/serialConnect/build/core.a(HID.cpp.o)
 .debug_line    0x00001ec1      0x463 /home/olga/Arduino/sketchbook/serialConnect/build/core.a(UARTClass.cpp.o)
 .debug_line    0x00002324      0x125 /home/olga/Arduino/sketchbook/serialConnect/build/core.a(RingBuffer.cpp.o)
 .debug_line    0x00002449      0x32c /home/olga/Arduino/sketchbook/serialConnect/build/core.a(Reset.cpp.o)
 .debug_line    0x00002775      0x4a4 /home/olga/Arduino/sketchbook/serialConnect/build/core.a(variant.cpp.o)
 .debug_line    0x00002c19      0x3e8 /home/olga/Arduino/sketchbook/serialConnect/build/core.a(wiring_analog.c.o)
 .debug_line    0x00003001      0x2bc /home/olga/Arduino/sketchbook/serialConnect/build/core.a(wiring_digital.c.o)
 .debug_line    0x000032bd      0x466 /home/olga/Arduino/sketchbook/serialConnect/build/core.a(USARTClass.cpp.o)

.debug_str      0x00000000     0x3b38
 .debug_str     0x00000000      0x262 /home/olga/Arduino/sketchbook/serialConnect/build/serialConnect.ino.cpp.o
                                0x2b6 (size before relaxing)
 .debug_str     0x00000262       0xc4 /home/olga/Arduino/sketchbook/serialConnect/build/core.a(cortex_handlers.c.o)
                                0x1f1 (size before relaxing)
 .debug_str     0x00000326       0x4f /home/olga/Arduino/sketchbook/serialConnect/build/core.a(hooks.c.o)
                                 0x9f (size before relaxing)
 .debug_str     0x00000375       0xd6 /home/olga/Arduino/sketchbook/serialConnect/build/core.a(wiring.c.o)
                                0x273 (size before relaxing)
 .debug_str     0x0000044b      0xc45 /home/olga/Arduino/sketchbook/serialConnect/build/core.a(Print.cpp.o)
                                0xe0e (size before relaxing)
 .debug_str     0x00001090      0xa34 /home/olga/Arduino/sketchbook/serialConnect/build/core.a(USBCore.cpp.o)
                                0xcef (size before relaxing)
 .debug_str     0x00001ac4      0x737 /home/olga/Arduino/sketchbook/serialConnect/build/core.a(CDC.cpp.o)
                               0x17a0 (size before relaxing)
 .debug_str     0x000021fb      0x360 /home/olga/Arduino/sketchbook/serialConnect/build/core.a(HID.cpp.o)
                                0x707 (size before relaxing)
 .debug_str     0x0000255b      0x5ab /home/olga/Arduino/sketchbook/serialConnect/build/core.a(UARTClass.cpp.o)
                               0x1310 (size before relaxing)
 .debug_str     0x00002b06       0x46 /home/olga/Arduino/sketchbook/serialConnect/build/core.a(RingBuffer.cpp.o)
                                0x17d (size before relaxing)
 .debug_str     0x00002b4c       0xdb /home/olga/Arduino/sketchbook/serialConnect/build/core.a(Reset.cpp.o)
                                0x28c (size before relaxing)
 .debug_str     0x00002c27      0x87c /home/olga/Arduino/sketchbook/serialConnect/build/core.a(variant.cpp.o)
                                0xf7b (size before relaxing)
 .debug_str     0x000034a3      0x4fd /home/olga/Arduino/sketchbook/serialConnect/build/core.a(wiring_analog.c.o)
                                0xc33 (size before relaxing)
 .debug_str     0x000039a0       0x6f /home/olga/Arduino/sketchbook/serialConnect/build/core.a(wiring_digital.c.o)
                                0x6a5 (size before relaxing)
 .debug_str     0x00003a0f      0x129 /home/olga/Arduino/sketchbook/serialConnect/build/core.a(USARTClass.cpp.o)
                               0x136f (size before relaxing)

.debug_frame    0x00000000     0x1074
 .debug_frame   0x00000000       0x70 /home/olga/Arduino/sketchbook/serialConnect/build/serialConnect.ino.cpp.o
 .debug_frame   0x00000070       0x58 /home/olga/Arduino/sketchbook/serialConnect/build/core.a(cortex_handlers.c.o)
 .debug_frame   0x000000c8       0x40 /home/olga/Arduino/sketchbook/serialConnect/build/core.a(hooks.c.o)
 .debug_frame   0x00000108       0x5c /home/olga/Arduino/sketchbook/serialConnect/build/core.a(wiring.c.o)
 .debug_frame   0x00000164      0x2dc /home/olga/Arduino/sketchbook/serialConnect/build/core.a(Print.cpp.o)
 .debug_frame   0x00000440      0x21c /home/olga/Arduino/sketchbook/serialConnect/build/core.a(USBCore.cpp.o)
 .debug_frame   0x0000065c      0x13c /home/olga/Arduino/sketchbook/serialConnect/build/core.a(CDC.cpp.o)
 .debug_frame   0x00000798      0x1b8 /home/olga/Arduino/sketchbook/serialConnect/build/core.a(HID.cpp.o)
 .debug_frame   0x00000950       0xd8 /home/olga/Arduino/sketchbook/serialConnect/build/core.a(UARTClass.cpp.o)
 .debug_frame   0x00000a28       0x40 /home/olga/Arduino/sketchbook/serialConnect/build/core.a(RingBuffer.cpp.o)
 .debug_frame   0x00000a68       0x58 /home/olga/Arduino/sketchbook/serialConnect/build/core.a(Reset.cpp.o)
 .debug_frame   0x00000ac0       0xe8 /home/olga/Arduino/sketchbook/serialConnect/build/core.a(variant.cpp.o)
 .debug_frame   0x00000ba8       0xa4 /home/olga/Arduino/sketchbook/serialConnect/build/core.a(wiring_analog.c.o)
 .debug_frame   0x00000c4c       0x64 /home/olga/Arduino/sketchbook/serialConnect/build/core.a(wiring_digital.c.o)
 .debug_frame   0x00000cb0       0xd8 /home/olga/Arduino/sketchbook/serialConnect/build/core.a(USARTClass.cpp.o)
 .debug_frame   0x00000d88       0x28 /opt/arduino-1.5.4/hardware/tools/arm-none-eabi/bin/../lib/gcc/arm-none-eabi/4.6.2/../../../../arm-none-eabi/lib/thumb/libc.a(lib_a-atexit.o)
 .debug_frame   0x00000db0       0x2c /opt/arduino-1.5.4/hardware/tools/arm-none-eabi/bin/../lib/gcc/arm-none-eabi/4.6.2/../../../../arm-none-eabi/lib/thumb/libc.a(lib_a-fini.o)
 .debug_frame   0x00000ddc       0x2c /opt/arduino-1.5.4/hardware/tools/arm-none-eabi/bin/../lib/gcc/arm-none-eabi/4.6.2/../../../../arm-none-eabi/lib/thumb/libc.a(lib_a-init.o)
 .debug_frame   0x00000e08       0x40 /opt/arduino-1.5.4/hardware/tools/arm-none-eabi/bin/../lib/gcc/arm-none-eabi/4.6.2/../../../../arm-none-eabi/lib/thumb/libc.a(lib_a-malloc.o)
 .debug_frame   0x00000e48       0x3c /opt/arduino-1.5.4/hardware/tools/arm-none-eabi/bin/../lib/gcc/arm-none-eabi/4.6.2/../../../../arm-none-eabi/lib/thumb/libc.a(lib_a-mallocr.o)
 .debug_frame   0x00000e84       0x2c /opt/arduino-1.5.4/hardware/tools/arm-none-eabi/bin/../lib/gcc/arm-none-eabi/4.6.2/../../../../arm-none-eabi/lib/thumb/libc.a(lib_a-memset.o)
 .debug_frame   0x00000eb0       0x30 /opt/arduino-1.5.4/hardware/tools/arm-none-eabi/bin/../lib/gcc/arm-none-eabi/4.6.2/../../../../arm-none-eabi/lib/thumb/libc.a(lib_a-mlock.o)
 .debug_frame   0x00000ee0       0x2c /opt/arduino-1.5.4/hardware/tools/arm-none-eabi/bin/../lib/gcc/arm-none-eabi/4.6.2/../../../../arm-none-eabi/lib/thumb/libc.a(lib_a-sbrkr.o)
 .debug_frame   0x00000f0c       0x20 /opt/arduino-1.5.4/hardware/tools/arm-none-eabi/bin/../lib/gcc/arm-none-eabi/4.6.2/../../../../arm-none-eabi/lib/thumb/libc.a(lib_a-strlen.o)
 .debug_frame   0x00000f2c       0x38 /opt/arduino-1.5.4/hardware/tools/arm-none-eabi/bin/../lib/gcc/arm-none-eabi/4.6.2/../../../../arm-none-eabi/lib/thumb/libc.a(lib_a-__atexit.o)
 .debug_frame   0x00000f64       0x54 /opt/arduino-1.5.4/hardware/tools/arm-none-eabi/bin/../lib/gcc/arm-none-eabi/4.6.2/../../../../arm-none-eabi/lib/thumb/libc.a(lib_a-__call_atexit.o)
 .debug_frame   0x00000fb8       0x54 /opt/arduino-1.5.4/hardware/tools/arm-none-eabi/bin/../lib/gcc/arm-none-eabi/4.6.2/../../../../arm-none-eabi/lib/thumb/libc.a(lib_a-freer.o)
 .debug_frame   0x0000100c       0x68 /opt/arduino-1.5.4/hardware/tools/arm-none-eabi/bin/../lib/gcc/arm-none-eabi/4.6.2/../../../../arm-none-eabi/lib/thumb/libc.a(lib_a-reent.o)

Cross Reference Table

Symbol                                            File
ADC_Handler                                       /home/olga/Arduino/sketchbook/serialConnect/build/core.a(cortex_handlers.c.o)
                                                  /opt/arduino-1.5.4/hardware/arduino/sam//variants/arduino_due_x/libsam_sam3x8e_gcc_rel.a(startup_sam3xa.o)
BusFault_Handler                                  /home/olga/Arduino/sketchbook/serialConnect/build/core.a(cortex_handlers.c.o)
                                                  /opt/arduino-1.5.4/hardware/arduino/sam//variants/arduino_due_x/libsam_sam3x8e_gcc_rel.a(startup_sam3xa.o)
CAN0_Handler                                      /home/olga/Arduino/sketchbook/serialConnect/build/core.a(cortex_handlers.c.o)
                                                  /opt/arduino-1.5.4/hardware/arduino/sam//variants/arduino_due_x/libsam_sam3x8e_gcc_rel.a(startup_sam3xa.o)
CAN1_Handler                                      /home/olga/Arduino/sketchbook/serialConnect/build/core.a(cortex_handlers.c.o)
                                                  /opt/arduino-1.5.4/hardware/arduino/sam//variants/arduino_due_x/libsam_sam3x8e_gcc_rel.a(startup_sam3xa.o)
CDC_GetInterface(unsigned char*)                  /home/olga/Arduino/sketchbook/serialConnect/build/core.a(CDC.cpp.o)
                                                  /home/olga/Arduino/sketchbook/serialConnect/build/core.a(USBCore.cpp.o)
CDC_GetOtherInterface(unsigned char*)             /home/olga/Arduino/sketchbook/serialConnect/build/core.a(CDC.cpp.o)
                                                  /home/olga/Arduino/sketchbook/serialConnect/build/core.a(USBCore.cpp.o)
CDC_Setup(Setup&)                                 /home/olga/Arduino/sketchbook/serialConnect/build/core.a(CDC.cpp.o)
                                                  /home/olga/Arduino/sketchbook/serialConnect/build/core.a(USBCore.cpp.o)
DACC_Handler                                      /home/olga/Arduino/sketchbook/serialConnect/build/core.a(cortex_handlers.c.o)
                                                  /opt/arduino-1.5.4/hardware/arduino/sam//variants/arduino_due_x/libsam_sam3x8e_gcc_rel.a(startup_sam3xa.o)
DMAC_Handler                                      /home/olga/Arduino/sketchbook/serialConnect/build/core.a(cortex_handlers.c.o)
                                                  /opt/arduino-1.5.4/hardware/arduino/sam//variants/arduino_due_x/libsam_sam3x8e_gcc_rel.a(startup_sam3xa.o)
DebugMon_Handler                                  /home/olga/Arduino/sketchbook/serialConnect/build/core.a(cortex_handlers.c.o)
                                                  /opt/arduino-1.5.4/hardware/arduino/sam//variants/arduino_due_x/libsam_sam3x8e_gcc_rel.a(startup_sam3xa.o)
EFC0_Handler                                      /home/olga/Arduino/sketchbook/serialConnect/build/core.a(cortex_handlers.c.o)
                                                  /opt/arduino-1.5.4/hardware/arduino/sam//variants/arduino_due_x/libsam_sam3x8e_gcc_rel.a(startup_sam3xa.o)
EFC1_Handler                                      /home/olga/Arduino/sketchbook/serialConnect/build/core.a(cortex_handlers.c.o)
                                                  /opt/arduino-1.5.4/hardware/arduino/sam//variants/arduino_due_x/libsam_sam3x8e_gcc_rel.a(startup_sam3xa.o)
EMAC_Handler                                      /home/olga/Arduino/sketchbook/serialConnect/build/core.a(cortex_handlers.c.o)
                                                  /opt/arduino-1.5.4/hardware/arduino/sam//variants/arduino_due_x/libsam_sam3x8e_gcc_rel.a(startup_sam3xa.o)
GetTickCount                                      /opt/arduino-1.5.4/hardware/arduino/sam//variants/arduino_due_x/libsam_sam3x8e_gcc_rel.a(timetick.o)
                                                  /home/olga/Arduino/sketchbook/serialConnect/build/core.a(wiring.c.o)
HID_GetDescriptor(int)                            /home/olga/Arduino/sketchbook/serialConnect/build/core.a(HID.cpp.o)
                                                  /home/olga/Arduino/sketchbook/serialConnect/build/core.a(USBCore.cpp.o)
HID_GetInterface(unsigned char*)                  /home/olga/Arduino/sketchbook/serialConnect/build/core.a(HID.cpp.o)
                                                  /home/olga/Arduino/sketchbook/serialConnect/build/core.a(USBCore.cpp.o)
HID_SendReport(unsigned char, void const*, unsigned long) /home/olga/Arduino/sketchbook/serialConnect/build/core.a(HID.cpp.o)
HID_Setup(Setup&)                                 /home/olga/Arduino/sketchbook/serialConnect/build/core.a(HID.cpp.o)
                                                  /home/olga/Arduino/sketchbook/serialConnect/build/core.a(USBCore.cpp.o)
HSMCI_Handler                                     /home/olga/Arduino/sketchbook/serialConnect/build/core.a(cortex_handlers.c.o)
                                                  /opt/arduino-1.5.4/hardware/arduino/sam//variants/arduino_due_x/libsam_sam3x8e_gcc_rel.a(startup_sam3xa.o)
HardFault_Handler                                 /home/olga/Arduino/sketchbook/serialConnect/build/core.a(cortex_handlers.c.o)
                                                  /opt/arduino-1.5.4/hardware/arduino/sam//variants/arduino_due_x/libsam_sam3x8e_gcc_rel.a(startup_sam3xa.o)
Keyboard                                          /home/olga/Arduino/sketchbook/serialConnect/build/core.a(HID.cpp.o)
Keyboard_::Keyboard_()                            /home/olga/Arduino/sketchbook/serialConnect/build/core.a(HID.cpp.o)
Keyboard_::Keyboard_()                            /home/olga/Arduino/sketchbook/serialConnect/build/core.a(HID.cpp.o)
Keyboard_::begin()                                /home/olga/Arduino/sketchbook/serialConnect/build/core.a(HID.cpp.o)
Keyboard_::end()                                  /home/olga/Arduino/sketchbook/serialConnect/build/core.a(HID.cpp.o)
Keyboard_::press(unsigned char)                   /home/olga/Arduino/sketchbook/serialConnect/build/core.a(HID.cpp.o)
Keyboard_::release(unsigned char)                 /home/olga/Arduino/sketchbook/serialConnect/build/core.a(HID.cpp.o)
Keyboard_::releaseAll()                           /home/olga/Arduino/sketchbook/serialConnect/build/core.a(HID.cpp.o)
Keyboard_::sendReport(KeyReport*)                 /home/olga/Arduino/sketchbook/serialConnect/build/core.a(HID.cpp.o)
Keyboard_::write(unsigned char)                   /home/olga/Arduino/sketchbook/serialConnect/build/core.a(HID.cpp.o)
MemManage_Handler                                 /home/olga/Arduino/sketchbook/serialConnect/build/core.a(cortex_handlers.c.o)
                                                  /opt/arduino-1.5.4/hardware/arduino/sam//variants/arduino_due_x/libsam_sam3x8e_gcc_rel.a(startup_sam3xa.o)
Mouse                                             /home/olga/Arduino/sketchbook/serialConnect/build/core.a(HID.cpp.o)
Mouse_::Mouse_()                                  /home/olga/Arduino/sketchbook/serialConnect/build/core.a(HID.cpp.o)
Mouse_::Mouse_()                                  /home/olga/Arduino/sketchbook/serialConnect/build/core.a(HID.cpp.o)
Mouse_::begin()                                   /home/olga/Arduino/sketchbook/serialConnect/build/core.a(HID.cpp.o)
Mouse_::buttons(unsigned char)                    /home/olga/Arduino/sketchbook/serialConnect/build/core.a(HID.cpp.o)
Mouse_::click(unsigned char)                      /home/olga/Arduino/sketchbook/serialConnect/build/core.a(HID.cpp.o)
Mouse_::end()                                     /home/olga/Arduino/sketchbook/serialConnect/build/core.a(HID.cpp.o)
Mouse_::isPressed(unsigned char)                  /home/olga/Arduino/sketchbook/serialConnect/build/core.a(HID.cpp.o)
Mouse_::move(signed char, signed char, signed char) /home/olga/Arduino/sketchbook/serialConnect/build/core.a(HID.cpp.o)
Mouse_::press(unsigned char)                      /home/olga/Arduino/sketchbook/serialConnect/build/core.a(HID.cpp.o)
Mouse_::release(unsigned char)                    /home/olga/Arduino/sketchbook/serialConnect/build/core.a(HID.cpp.o)
NMI_Handler                                       /home/olga/Arduino/sketchbook/serialConnect/build/core.a(cortex_handlers.c.o)
                                                  /opt/arduino-1.5.4/hardware/arduino/sam//variants/arduino_due_x/libsam_sam3x8e_gcc_rel.a(startup_sam3xa.o)
PIOA_Handler                                      /home/olga/Arduino/sketchbook/serialConnect/build/core.a(cortex_handlers.c.o)
                                                  /opt/arduino-1.5.4/hardware/arduino/sam//variants/arduino_due_x/libsam_sam3x8e_gcc_rel.a(startup_sam3xa.o)
PIOB_Handler                                      /home/olga/Arduino/sketchbook/serialConnect/build/core.a(cortex_handlers.c.o)
                                                  /opt/arduino-1.5.4/hardware/arduino/sam//variants/arduino_due_x/libsam_sam3x8e_gcc_rel.a(startup_sam3xa.o)
PIOC_Handler                                      /home/olga/Arduino/sketchbook/serialConnect/build/core.a(cortex_handlers.c.o)
                                                  /opt/arduino-1.5.4/hardware/arduino/sam//variants/arduino_due_x/libsam_sam3x8e_gcc_rel.a(startup_sam3xa.o)
PIOD_Handler                                      /home/olga/Arduino/sketchbook/serialConnect/build/core.a(cortex_handlers.c.o)
                                                  /opt/arduino-1.5.4/hardware/arduino/sam//variants/arduino_due_x/libsam_sam3x8e_gcc_rel.a(startup_sam3xa.o)
PIO_Clear                                         /opt/arduino-1.5.4/hardware/arduino/sam//variants/arduino_due_x/libsam_sam3x8e_gcc_rel.a(pio.o)
PIO_Configure                                     /opt/arduino-1.5.4/hardware/arduino/sam//variants/arduino_due_x/libsam_sam3x8e_gcc_rel.a(pio.o)
                                                  /home/olga/Arduino/sketchbook/serialConnect/build/core.a(wiring_digital.c.o)
                                                  /home/olga/Arduino/sketchbook/serialConnect/build/core.a(wiring_analog.c.o)
                                                  /home/olga/Arduino/sketchbook/serialConnect/build/core.a(variant.cpp.o)
PIO_DisableInterrupt                              /opt/arduino-1.5.4/hardware/arduino/sam//variants/arduino_due_x/libsam_sam3x8e_gcc_rel.a(pio.o)
PIO_Get                                           /opt/arduino-1.5.4/hardware/arduino/sam//variants/arduino_due_x/libsam_sam3x8e_gcc_rel.a(pio.o)
                                                  /home/olga/Arduino/sketchbook/serialConnect/build/core.a(wiring_digital.c.o)
PIO_GetOutputDataStatus                           /opt/arduino-1.5.4/hardware/arduino/sam//variants/arduino_due_x/libsam_sam3x8e_gcc_rel.a(pio.o)
                                                  /home/olga/Arduino/sketchbook/serialConnect/build/core.a(wiring_digital.c.o)
PIO_PullUp                                        /opt/arduino-1.5.4/hardware/arduino/sam//variants/arduino_due_x/libsam_sam3x8e_gcc_rel.a(pio.o)
                                                  /home/olga/Arduino/sketchbook/serialConnect/build/core.a(wiring_digital.c.o)
PIO_Set                                           /opt/arduino-1.5.4/hardware/arduino/sam//variants/arduino_due_x/libsam_sam3x8e_gcc_rel.a(pio.o)
PIO_SetDebounceFilter                             /opt/arduino-1.5.4/hardware/arduino/sam//variants/arduino_due_x/libsam_sam3x8e_gcc_rel.a(pio.o)
PIO_SetInput                                      /opt/arduino-1.5.4/hardware/arduino/sam//variants/arduino_due_x/libsam_sam3x8e_gcc_rel.a(pio.o)
PIO_SetOutput                                     /opt/arduino-1.5.4/hardware/arduino/sam//variants/arduino_due_x/libsam_sam3x8e_gcc_rel.a(pio.o)
                                                  /home/olga/Arduino/sketchbook/serialConnect/build/core.a(wiring_digital.c.o)
PIO_SetPeripheral                                 /opt/arduino-1.5.4/hardware/arduino/sam//variants/arduino_due_x/libsam_sam3x8e_gcc_rel.a(pio.o)
PMC_Handler                                       /home/olga/Arduino/sketchbook/serialConnect/build/core.a(cortex_handlers.c.o)
                                                  /opt/arduino-1.5.4/hardware/arduino/sam//variants/arduino_due_x/libsam_sam3x8e_gcc_rel.a(startup_sam3xa.o)
PWMC_ConfigureChannel                             /opt/arduino-1.5.4/hardware/arduino/sam//variants/arduino_due_x/libsam_sam3x8e_gcc_rel.a(pwmc.o)
                                                  /home/olga/Arduino/sketchbook/serialConnect/build/core.a(wiring_analog.c.o)
PWMC_ConfigureChannelExt                          /opt/arduino-1.5.4/hardware/arduino/sam//variants/arduino_due_x/libsam_sam3x8e_gcc_rel.a(pwmc.o)
PWMC_ConfigureClocks                              /opt/arduino-1.5.4/hardware/arduino/sam//variants/arduino_due_x/libsam_sam3x8e_gcc_rel.a(pwmc.o)
                                                  /home/olga/Arduino/sketchbook/serialConnect/build/core.a(wiring_analog.c.o)
PWMC_ConfigureComparisonUnit                      /opt/arduino-1.5.4/hardware/arduino/sam//variants/arduino_due_x/libsam_sam3x8e_gcc_rel.a(pwmc.o)
PWMC_ConfigureEventLineMode                       /opt/arduino-1.5.4/hardware/arduino/sam//variants/arduino_due_x/libsam_sam3x8e_gcc_rel.a(pwmc.o)
PWMC_ConfigureSyncChannel                         /opt/arduino-1.5.4/hardware/arduino/sam//variants/arduino_due_x/libsam_sam3x8e_gcc_rel.a(pwmc.o)
PWMC_DisableChannel                               /opt/arduino-1.5.4/hardware/arduino/sam//variants/arduino_due_x/libsam_sam3x8e_gcc_rel.a(pwmc.o)
PWMC_DisableChannelIt                             /opt/arduino-1.5.4/hardware/arduino/sam//variants/arduino_due_x/libsam_sam3x8e_gcc_rel.a(pwmc.o)
PWMC_DisableIt                                    /opt/arduino-1.5.4/hardware/arduino/sam//variants/arduino_due_x/libsam_sam3x8e_gcc_rel.a(pwmc.o)
PWMC_DisableOverrideOutput                        /opt/arduino-1.5.4/hardware/arduino/sam//variants/arduino_due_x/libsam_sam3x8e_gcc_rel.a(pwmc.o)
PWMC_EnableChannel                                /opt/arduino-1.5.4/hardware/arduino/sam//variants/arduino_due_x/libsam_sam3x8e_gcc_rel.a(pwmc.o)
                                                  /home/olga/Arduino/sketchbook/serialConnect/build/core.a(wiring_analog.c.o)
PWMC_EnableChannelIt                              /opt/arduino-1.5.4/hardware/arduino/sam//variants/arduino_due_x/libsam_sam3x8e_gcc_rel.a(pwmc.o)
PWMC_EnableFaultProtection                        /opt/arduino-1.5.4/hardware/arduino/sam//variants/arduino_due_x/libsam_sam3x8e_gcc_rel.a(pwmc.o)